Nov 25 22:26:45 ArchOp kernel: Linux version 6.11.9-arch1-1 (linux@archlinux) (gcc (GCC) 14.2.1 20240910, GNU ld (GNU Binutils) 2.43.0) #1 SMP PREEMPT_DYNAMIC Sun, 17 Nov 2024 16:06:17 +0000
Nov 25 22:26:45 ArchOp kernel: Command line: BOOT_IMAGE=/vmlinuz-linux root=UUID=90ec1229-8a0e-4222-a25f-5f81580f7580 rw loglevel=3 quiet ibt=off
Nov 25 22:26:45 ArchOp kernel: x86/split lock detection: #AC: crashing the kernel on kernel split_locks and warning on user-space split_locks
Nov 25 22:26:45 ArchOp kernel: BIOS-provided physical RAM map:
Nov 25 22:26:45 ArchOp kernel: BIOS-e820: [mem 0x0000000000000000-0x000000000009dfff] usable
Nov 25 22:26:45 ArchOp kernel: BIOS-e820: [mem 0x000000000009e000-0x000000000009efff] reserved
Nov 25 22:26:45 ArchOp kernel: BIOS-e820: [mem 0x000000000009f000-0x000000000009ffff] usable
Nov 25 22:26:45 ArchOp kernel: BIOS-e820: [mem 0x00000000000a0000-0x00000000000fffff] reserved
Nov 25 22:26:45 ArchOp kernel: BIOS-e820: [mem 0x0000000000100000-0x0000000067e94fff] usable
Nov 25 22:26:45 ArchOp kernel: BIOS-e820: [mem 0x0000000067e95000-0x0000000067e95fff] reserved
Nov 25 22:26:45 ArchOp kernel: BIOS-e820: [mem 0x0000000067e96000-0x0000000067e9bfff] usable
Nov 25 22:26:45 ArchOp kernel: BIOS-e820: [mem 0x0000000067e9c000-0x0000000067e9cfff] reserved
Nov 25 22:26:45 ArchOp kernel: BIOS-e820: [mem 0x0000000067e9d000-0x00000000745cefff] usable
Nov 25 22:26:45 ArchOp kernel: BIOS-e820: [mem 0x00000000745cf000-0x00000000782cefff] reserved
Nov 25 22:26:45 ArchOp kernel: BIOS-e820: [mem 0x00000000782cf000-0x000000007851efff] ACPI data
Nov 25 22:26:45 ArchOp kernel: BIOS-e820: [mem 0x000000007851f000-0x000000007871efff] ACPI NVS
Nov 25 22:26:45 ArchOp kernel: BIOS-e820: [mem 0x000000007871f000-0x0000000079ffefff] reserved
Nov 25 22:26:45 ArchOp kernel: BIOS-e820: [mem 0x0000000079fff000-0x0000000079ffffff] usable
Nov 25 22:26:45 ArchOp kernel: BIOS-e820: [mem 0x000000007a000000-0x000000007dffffff] reserved
Nov 25 22:26:45 ArchOp kernel: BIOS-e820: [mem 0x000000007ee00000-0x000000007fffffff] reserved
Nov 25 22:26:45 ArchOp kernel: BIOS-e820: [mem 0x00000000c0000000-0x00000000cfffffff] reserved
Nov 25 22:26:45 ArchOp kernel: BIOS-e820: [mem 0x00000000fe000000-0x00000000fe010fff] reserved
Nov 25 22:26:45 ArchOp kernel: BIOS-e820: [mem 0x00000000fec00000-0x00000000fec00fff] reserved
Nov 25 22:26:45 ArchOp kernel: BIOS-e820: [mem 0x00000000fed00000-0x00000000fed00fff] reserved
Nov 25 22:26:45 ArchOp kernel: BIOS-e820: [mem 0x00000000fed20000-0x00000000fed7ffff] reserved
Nov 25 22:26:45 ArchOp kernel: BIOS-e820: [mem 0x00000000fee00000-0x00000000fee00fff] reserved
Nov 25 22:26:45 ArchOp kernel: BIOS-e820: [mem 0x00000000ff000000-0x00000000ffffffff] reserved
Nov 25 22:26:45 ArchOp kernel: BIOS-e820: [mem 0x0000000100000000-0x000000047fffffff] usable
Nov 25 22:26:45 ArchOp kernel: NX (Execute Disable) protection: active
Nov 25 22:26:45 ArchOp kernel: APIC: Static calls initialized
Nov 25 22:26:45 ArchOp kernel: e820: update [mem 0x658de018-0x658fe857] usable ==> usable
Nov 25 22:26:45 ArchOp kernel: e820: update [mem 0x658cf018-0x658dd057] usable ==> usable
Nov 25 22:26:45 ArchOp kernel: extended physical RAM map:
Nov 25 22:26:45 ArchOp kernel: reserve setup_data: [mem 0x0000000000000000-0x000000000009dfff] usable
Nov 25 22:26:45 ArchOp kernel: reserve setup_data: [mem 0x000000000009e000-0x000000000009efff] reserved
Nov 25 22:26:45 ArchOp kernel: reserve setup_data: [mem 0x000000000009f000-0x000000000009ffff] usable
Nov 25 22:26:45 ArchOp kernel: reserve setup_data: [mem 0x00000000000a0000-0x00000000000fffff] reserved
Nov 25 22:26:45 ArchOp kernel: reserve setup_data: [mem 0x0000000000100000-0x00000000658cf017] usable
Nov 25 22:26:45 ArchOp kernel: reserve setup_data: [mem 0x00000000658cf018-0x00000000658dd057] usable
Nov 25 22:26:45 ArchOp kernel: reserve setup_data: [mem 0x00000000658dd058-0x00000000658de017] usable
Nov 25 22:26:45 ArchOp kernel: reserve setup_data: [mem 0x00000000658de018-0x00000000658fe857] usable
Nov 25 22:26:45 ArchOp kernel: reserve setup_data: [mem 0x00000000658fe858-0x0000000067e94fff] usable
Nov 25 22:26:45 ArchOp kernel: reserve setup_data: [mem 0x0000000067e95000-0x0000000067e95fff] reserved
Nov 25 22:26:45 ArchOp kernel: reserve setup_data: [mem 0x0000000067e96000-0x0000000067e9bfff] usable
Nov 25 22:26:45 ArchOp kernel: reserve setup_data: [mem 0x0000000067e9c000-0x0000000067e9cfff] reserved
Nov 25 22:26:45 ArchOp kernel: reserve setup_data: [mem 0x0000000067e9d000-0x00000000745cefff] usable
Nov 25 22:26:45 ArchOp kernel: reserve setup_data: [mem 0x00000000745cf000-0x00000000782cefff] reserved
Nov 25 22:26:45 ArchOp kernel: reserve setup_data: [mem 0x00000000782cf000-0x000000007851efff] ACPI data
Nov 25 22:26:45 ArchOp kernel: reserve setup_data: [mem 0x000000007851f000-0x000000007871efff] ACPI NVS
Nov 25 22:26:45 ArchOp kernel: reserve setup_data: [mem 0x000000007871f000-0x0000000079ffefff] reserved
Nov 25 22:26:45 ArchOp kernel: reserve setup_data: [mem 0x0000000079fff000-0x0000000079ffffff] usable
Nov 25 22:26:45 ArchOp kernel: reserve setup_data: [mem 0x000000007a000000-0x000000007dffffff] reserved
Nov 25 22:26:45 ArchOp kernel: reserve setup_data: [mem 0x000000007ee00000-0x000000007fffffff] reserved
Nov 25 22:26:45 ArchOp kernel: reserve setup_data: [mem 0x00000000c0000000-0x00000000cfffffff] reserved
Nov 25 22:26:45 ArchOp kernel: reserve setup_data: [mem 0x00000000fe000000-0x00000000fe010fff] reserved
Nov 25 22:26:45 ArchOp kernel: reserve setup_data: [mem 0x00000000fec00000-0x00000000fec00fff] reserved
Nov 25 22:26:45 ArchOp kernel: reserve setup_data: [mem 0x00000000fed00000-0x00000000fed00fff] reserved
Nov 25 22:26:45 ArchOp kernel: reserve setup_data: [mem 0x00000000fed20000-0x00000000fed7ffff] reserved
Nov 25 22:26:45 ArchOp kernel: reserve setup_data: [mem 0x00000000fee00000-0x00000000fee00fff] reserved
Nov 25 22:26:45 ArchOp kernel: reserve setup_data: [mem 0x00000000ff000000-0x00000000ffffffff] reserved
Nov 25 22:26:45 ArchOp kernel: reserve setup_data: [mem 0x0000000100000000-0x000000047fffffff] usable
Nov 25 22:26:45 ArchOp kernel: efi: EFI v2.8 by American Megatrends
Nov 25 22:26:45 ArchOp kernel: efi: ACPI=0x7851e000 ACPI 2.0=0x7851e014 TPMFinalLog=0x786ac000 SMBIOS=0x79d1d000 SMBIOS 3.0=0x79d1c000 MEMATTR=0x6faa4698 ESRT=0x71e15018 INITRD=0x677aee18 RNG=0x7848dc18 TPMEventLog=0x7838d018 
Nov 25 22:26:45 ArchOp kernel: random: crng init done
Nov 25 22:26:45 ArchOp kernel: efi: Remove mem77: MMIO range=[0xc0000000-0xcfffffff] (256MB) from e820 map
Nov 25 22:26:45 ArchOp kernel: e820: remove [mem 0xc0000000-0xcfffffff] reserved
Nov 25 22:26:45 ArchOp kernel: efi: Not removing mem78: MMIO range=[0xfe000000-0xfe010fff] (68KB) from e820 map
Nov 25 22:26:45 ArchOp kernel: efi: Not removing mem79: MMIO range=[0xfec00000-0xfec00fff] (4KB) from e820 map
Nov 25 22:26:45 ArchOp kernel: efi: Not removing mem80: MMIO range=[0xfed00000-0xfed00fff] (4KB) from e820 map
Nov 25 22:26:45 ArchOp kernel: efi: Not removing mem82: MMIO range=[0xfee00000-0xfee00fff] (4KB) from e820 map
Nov 25 22:26:45 ArchOp kernel: efi: Remove mem83: MMIO range=[0xff000000-0xffffffff] (16MB) from e820 map
Nov 25 22:26:45 ArchOp kernel: e820: remove [mem 0xff000000-0xffffffff] reserved
Nov 25 22:26:45 ArchOp kernel: SMBIOS 3.4.0 present.
Nov 25 22:26:45 ArchOp kernel: DMI: ASUS System Product Name/PRIME H610M-E D4, BIOS 1620 08/12/2022
Nov 25 22:26:45 ArchOp kernel: DMI: Memory slots populated: 2/2
Nov 25 22:26:45 ArchOp kernel: tsc: Detected 3300.000 MHz processor
Nov 25 22:26:45 ArchOp kernel: tsc: Detected 3302.400 MHz TSC
Nov 25 22:26:45 ArchOp kernel: e820: update [mem 0x00000000-0x00000fff] usable ==> reserved
Nov 25 22:26:45 ArchOp kernel: e820: remove [mem 0x000a0000-0x000fffff] usable
Nov 25 22:26:45 ArchOp kernel: last_pfn = 0x480000 max_arch_pfn = 0x400000000
Nov 25 22:26:45 ArchOp kernel: MTRR map: 5 entries (3 fixed + 2 variable; max 23), built from 10 variable MTRRs
Nov 25 22:26:45 ArchOp kernel: x86/PAT: Configuration [0-7]: WB  WC  UC- UC  WB  WP  UC- WT  
Nov 25 22:26:45 ArchOp kernel: last_pfn = 0x7a000 max_arch_pfn = 0x400000000
Nov 25 22:26:45 ArchOp kernel: esrt: Reserving ESRT space from 0x0000000071e15018 to 0x0000000071e150a0.
Nov 25 22:26:45 ArchOp kernel: e820: update [mem 0x71e15000-0x71e15fff] usable ==> reserved
Nov 25 22:26:45 ArchOp kernel: Using GB pages for direct mapping
Nov 25 22:26:45 ArchOp kernel: Incomplete global flushes, disabling PCID
Nov 25 22:26:45 ArchOp kernel: Secure boot disabled
Nov 25 22:26:45 ArchOp kernel: RAMDISK: [mem 0x600b7000-0x639dbfff]
Nov 25 22:26:45 ArchOp kernel: ACPI: Early table checksum verification disabled
Nov 25 22:26:45 ArchOp kernel: ACPI: RSDP 0x000000007851E014 000024 (v02 ALASKA)
Nov 25 22:26:45 ArchOp kernel: ACPI: XSDT 0x000000007851D728 00011C (v01 ALASKA A M I    01072009 AMI  01000013)
Nov 25 22:26:45 ArchOp kernel: ACPI: FACP 0x000000007851B000 000114 (v06 ALASKA A M I    01072009 AMI  01000013)
Nov 25 22:26:45 ArchOp kernel: ACPI: DSDT 0x00000000784A3000 0775C6 (v02 ALASKA A M I    01072009 INTL 20200717)
Nov 25 22:26:45 ArchOp kernel: ACPI: FACS 0x000000007871E000 000040
Nov 25 22:26:45 ArchOp kernel: ACPI: MCFG 0x000000007851C000 00003C (v01 ALASKA A M I    01072009 MSFT 00000097)
Nov 25 22:26:45 ArchOp kernel: ACPI: FIDT 0x00000000784A2000 00009C (v01 ALASKA A M I    01072009 AMI  00010013)
Nov 25 22:26:45 ArchOp kernel: ACPI: FPDT 0x0000000078392000 000044 (v01 ALASKA A M I    01072009 AMI  01000013)
Nov 25 22:26:45 ArchOp kernel: ACPI: SSDT 0x00000000784A0000 00038C (v02 PmaxDv Pmax_Dev 00000001 INTL 20200717)
Nov 25 22:26:45 ArchOp kernel: ACPI: SSDT 0x000000007849A000 005D0B (v02 CpuRef CpuSsdt  00003000 INTL 20200717)
Nov 25 22:26:45 ArchOp kernel: ACPI: SSDT 0x0000000078497000 002AA1 (v02 SaSsdt SaSsdt   00003000 INTL 20200717)
Nov 25 22:26:45 ArchOp kernel: ACPI: SSDT 0x0000000078493000 003339 (v02 INTEL  IgfxSsdt 00003000 INTL 20200717)
Nov 25 22:26:45 ArchOp kernel: ACPI: HPET 0x0000000078492000 000038 (v01 ALASKA A M I    01072009 AMI  01000013)
Nov 25 22:26:45 ArchOp kernel: ACPI: APIC 0x0000000078491000 0001DC (v05 ALASKA A M I    01072009 AMI  01000013)
Nov 25 22:26:45 ArchOp kernel: ACPI: MCFG 0x0000000078490000 00003C (v01 ALASKA A M I    01072009 AMI  01000013)
Nov 25 22:26:45 ArchOp kernel: ACPI: SSDT 0x000000007848E000 001F1A (v02 ALASKA Ther_Rvp 00001000 INTL 20200717)
Nov 25 22:26:45 ArchOp kernel: ACPI: NHLT 0x000000007848C000 00002D (v00 ALASKA A M I    01072009 AMI  01000013)
Nov 25 22:26:45 ArchOp kernel: ACPI: LPIT 0x000000007848B000 0000CC (v01 ALASKA A M I    01072009 AMI  01000013)
Nov 25 22:26:45 ArchOp kernel: ACPI: SSDT 0x0000000078487000 002357 (v02 ALASKA TbtTypeC 00000000 INTL 20200717)
Nov 25 22:26:45 ArchOp kernel: ACPI: SSDT 0x0000000078484000 002A83 (v02 ALASKA PtidDevc 00001000 INTL 20200717)
Nov 25 22:26:45 ArchOp kernel: ACPI: DBGP 0x0000000078483000 000034 (v01 ALASKA A M I    01072009 AMI  01000013)
Nov 25 22:26:45 ArchOp kernel: ACPI: DBG2 0x0000000078482000 000054 (v00 ALASKA A M I    01072009 AMI  01000013)
Nov 25 22:26:45 ArchOp kernel: ACPI: SSDT 0x0000000078481000 000C1F (v02 ALASKA UsbCTabl 00001000 INTL 20200717)
Nov 25 22:26:45 ArchOp kernel: ACPI: DMAR 0x0000000078480000 000050 (v02 INTEL  EDK2     00000002      01000013)
Nov 25 22:26:45 ArchOp kernel: ACPI: SSDT 0x000000007847E000 001B86 (v02 INTEL  xh_adls3 00000000 INTL 20200717)
Nov 25 22:26:45 ArchOp kernel: ACPI: SSDT 0x000000007847A000 003AEA (v02 SocGpe SocGpe   00003000 INTL 20200717)
Nov 25 22:26:45 ArchOp kernel: ACPI: SSDT 0x0000000078476000 0039DA (v02 SocCmn SocCmn   00003000 INTL 20200717)
Nov 25 22:26:45 ArchOp kernel: ACPI: SSDT 0x0000000078475000 000144 (v02 Intel  ADebTabl 00001000 INTL 20200717)
Nov 25 22:26:45 ArchOp kernel: ACPI: BGRT 0x0000000078474000 000038 (v01 ALASKA A M I    01072009 AMI  00010013)
Nov 25 22:26:45 ArchOp kernel: ACPI: UEFI 0x00000000785EE000 00063A (v01 INTEL  RstVmdE  00000000 INTL 00000000)
Nov 25 22:26:45 ArchOp kernel: ACPI: UEFI 0x00000000785ED000 00005C (v01 INTEL  RstVmdV  00000000 INTL 00000000)
Nov 25 22:26:45 ArchOp kernel: ACPI: WPBT 0x0000000078395000 000040 (v01 ALASKA A M I    00000001 ASUS 00000001)
Nov 25 22:26:45 ArchOp kernel: ACPI: TPM2 0x0000000078394000 00004C (v04 ALASKA A M I    00000001 AMI  00000000)
Nov 25 22:26:45 ArchOp kernel: ACPI: PHAT 0x0000000078393000 0005D1 (v01 ALASKA A M I    00000005 MSFT 0100000D)
Nov 25 22:26:45 ArchOp kernel: ACPI: WSMT 0x000000007848A000 000028 (v01 ALASKA A M I    01072009 AMI  00010013)
Nov 25 22:26:45 ArchOp kernel: ACPI: Reserving FACP table memory at [mem 0x7851b000-0x7851b113]
Nov 25 22:26:45 ArchOp kernel: ACPI: Reserving DSDT table memory at [mem 0x784a3000-0x7851a5c5]
Nov 25 22:26:45 ArchOp kernel: ACPI: Reserving FACS table memory at [mem 0x7871e000-0x7871e03f]
Nov 25 22:26:45 ArchOp kernel: ACPI: Reserving MCFG table memory at [mem 0x7851c000-0x7851c03b]
Nov 25 22:26:45 ArchOp kernel: ACPI: Reserving FIDT table memory at [mem 0x784a2000-0x784a209b]
Nov 25 22:26:45 ArchOp kernel: ACPI: Reserving FPDT table memory at [mem 0x78392000-0x78392043]
Nov 25 22:26:45 ArchOp kernel: ACPI: Reserving SSDT table memory at [mem 0x784a0000-0x784a038b]
Nov 25 22:26:45 ArchOp kernel: ACPI: Reserving SSDT table memory at [mem 0x7849a000-0x7849fd0a]
Nov 25 22:26:45 ArchOp kernel: ACPI: Reserving SSDT table memory at [mem 0x78497000-0x78499aa0]
Nov 25 22:26:45 ArchOp kernel: ACPI: Reserving SSDT table memory at [mem 0x78493000-0x78496338]
Nov 25 22:26:45 ArchOp kernel: ACPI: Reserving HPET table memory at [mem 0x78492000-0x78492037]
Nov 25 22:26:45 ArchOp kernel: ACPI: Reserving APIC table memory at [mem 0x78491000-0x784911db]
Nov 25 22:26:45 ArchOp kernel: ACPI: Reserving MCFG table memory at [mem 0x78490000-0x7849003b]
Nov 25 22:26:45 ArchOp kernel: ACPI: Reserving SSDT table memory at [mem 0x7848e000-0x7848ff19]
Nov 25 22:26:45 ArchOp kernel: ACPI: Reserving NHLT table memory at [mem 0x7848c000-0x7848c02c]
Nov 25 22:26:45 ArchOp kernel: ACPI: Reserving LPIT table memory at [mem 0x7848b000-0x7848b0cb]
Nov 25 22:26:45 ArchOp kernel: ACPI: Reserving SSDT table memory at [mem 0x78487000-0x78489356]
Nov 25 22:26:45 ArchOp kernel: ACPI: Reserving SSDT table memory at [mem 0x78484000-0x78486a82]
Nov 25 22:26:45 ArchOp kernel: ACPI: Reserving DBGP table memory at [mem 0x78483000-0x78483033]
Nov 25 22:26:45 ArchOp kernel: ACPI: Reserving DBG2 table memory at [mem 0x78482000-0x78482053]
Nov 25 22:26:45 ArchOp kernel: ACPI: Reserving SSDT table memory at [mem 0x78481000-0x78481c1e]
Nov 25 22:26:45 ArchOp kernel: ACPI: Reserving DMAR table memory at [mem 0x78480000-0x7848004f]
Nov 25 22:26:45 ArchOp kernel: ACPI: Reserving SSDT table memory at [mem 0x7847e000-0x7847fb85]
Nov 25 22:26:45 ArchOp kernel: ACPI: Reserving SSDT table memory at [mem 0x7847a000-0x7847dae9]
Nov 25 22:26:45 ArchOp kernel: ACPI: Reserving SSDT table memory at [mem 0x78476000-0x784799d9]
Nov 25 22:26:45 ArchOp kernel: ACPI: Reserving SSDT table memory at [mem 0x78475000-0x78475143]
Nov 25 22:26:45 ArchOp kernel: ACPI: Reserving BGRT table memory at [mem 0x78474000-0x78474037]
Nov 25 22:26:45 ArchOp kernel: ACPI: Reserving UEFI table memory at [mem 0x785ee000-0x785ee639]
Nov 25 22:26:45 ArchOp kernel: ACPI: Reserving UEFI table memory at [mem 0x785ed000-0x785ed05b]
Nov 25 22:26:45 ArchOp kernel: ACPI: Reserving WPBT table memory at [mem 0x78395000-0x7839503f]
Nov 25 22:26:45 ArchOp kernel: ACPI: Reserving TPM2 table memory at [mem 0x78394000-0x7839404b]
Nov 25 22:26:45 ArchOp kernel: ACPI: Reserving PHAT table memory at [mem 0x78393000-0x783935d0]
Nov 25 22:26:45 ArchOp kernel: ACPI: Reserving WSMT table memory at [mem 0x7848a000-0x7848a027]
Nov 25 22:26:45 ArchOp kernel: No NUMA configuration found
Nov 25 22:26:45 ArchOp kernel: Faking a node at [mem 0x0000000000000000-0x000000047fffffff]
Nov 25 22:26:45 ArchOp kernel: NODE_DATA(0) allocated [mem 0x47ffd5000-0x47fffffff]
Nov 25 22:26:45 ArchOp kernel: Zone ranges:
Nov 25 22:26:45 ArchOp kernel:   DMA      [mem 0x0000000000001000-0x0000000000ffffff]
Nov 25 22:26:45 ArchOp kernel:   DMA32    [mem 0x0000000001000000-0x00000000ffffffff]
Nov 25 22:26:45 ArchOp kernel:   Normal   [mem 0x0000000100000000-0x000000047fffffff]
Nov 25 22:26:45 ArchOp kernel:   Device   empty
Nov 25 22:26:45 ArchOp kernel: Movable zone start for each node
Nov 25 22:26:45 ArchOp kernel: Early memory node ranges
Nov 25 22:26:45 ArchOp kernel:   node   0: [mem 0x0000000000001000-0x000000000009dfff]
Nov 25 22:26:45 ArchOp kernel:   node   0: [mem 0x000000000009f000-0x000000000009ffff]
Nov 25 22:26:45 ArchOp kernel:   node   0: [mem 0x0000000000100000-0x0000000067e94fff]
Nov 25 22:26:45 ArchOp kernel:   node   0: [mem 0x0000000067e96000-0x0000000067e9bfff]
Nov 25 22:26:45 ArchOp kernel:   node   0: [mem 0x0000000067e9d000-0x00000000745cefff]
Nov 25 22:26:45 ArchOp kernel:   node   0: [mem 0x0000000079fff000-0x0000000079ffffff]
Nov 25 22:26:45 ArchOp kernel:   node   0: [mem 0x0000000100000000-0x000000047fffffff]
Nov 25 22:26:45 ArchOp kernel: Initmem setup node 0 [mem 0x0000000000001000-0x000000047fffffff]
Nov 25 22:26:45 ArchOp kernel: On node 0, zone DMA: 1 pages in unavailable ranges
Nov 25 22:26:45 ArchOp kernel: On node 0, zone DMA: 1 pages in unavailable ranges
Nov 25 22:26:45 ArchOp kernel: On node 0, zone DMA: 96 pages in unavailable ranges
Nov 25 22:26:45 ArchOp kernel: On node 0, zone DMA32: 1 pages in unavailable ranges
Nov 25 22:26:45 ArchOp kernel: On node 0, zone DMA32: 1 pages in unavailable ranges
Nov 25 22:26:45 ArchOp kernel: On node 0, zone DMA32: 23088 pages in unavailable ranges
Nov 25 22:26:45 ArchOp kernel: On node 0, zone Normal: 24576 pages in unavailable ranges
Nov 25 22:26:45 ArchOp kernel: ACPI: PM-Timer IO Port: 0x1808
Nov 25 22:26:45 ArchOp kernel: ACPI: LAPIC_NMI (acpi_id[0x01] high edge lint[0x1])
Nov 25 22:26:45 ArchOp kernel: ACPI: LAPIC_NMI (acpi_id[0x02] high edge lint[0x1])
Nov 25 22:26:45 ArchOp kernel: ACPI: LAPIC_NMI (acpi_id[0x03] high edge lint[0x1])
Nov 25 22:26:45 ArchOp kernel: ACPI: LAPIC_NMI (acpi_id[0x04] high edge lint[0x1])
Nov 25 22:26:45 ArchOp kernel: ACPI: LAPIC_NMI (acpi_id[0x05] high edge lint[0x1])
Nov 25 22:26:45 ArchOp kernel: ACPI: LAPIC_NMI (acpi_id[0x06] high edge lint[0x1])
Nov 25 22:26:45 ArchOp kernel: ACPI: LAPIC_NMI (acpi_id[0x07] high edge lint[0x1])
Nov 25 22:26:45 ArchOp kernel: ACPI: LAPIC_NMI (acpi_id[0x08] high edge lint[0x1])
Nov 25 22:26:45 ArchOp kernel: ACPI: LAPIC_NMI (acpi_id[0x09] high edge lint[0x1])
Nov 25 22:26:45 ArchOp kernel: ACPI: LAPIC_NMI (acpi_id[0x0a] high edge lint[0x1])
Nov 25 22:26:45 ArchOp kernel: ACPI: LAPIC_NMI (acpi_id[0x0b] high edge lint[0x1])
Nov 25 22:26:45 ArchOp kernel: ACPI: LAPIC_NMI (acpi_id[0x0c] high edge lint[0x1])
Nov 25 22:26:45 ArchOp kernel: ACPI: LAPIC_NMI (acpi_id[0x0d] high edge lint[0x1])
Nov 25 22:26:45 ArchOp kernel: ACPI: LAPIC_NMI (acpi_id[0x0e] high edge lint[0x1])
Nov 25 22:26:45 ArchOp kernel: ACPI: LAPIC_NMI (acpi_id[0x0f] high edge lint[0x1])
Nov 25 22:26:45 ArchOp kernel: ACPI: LAPIC_NMI (acpi_id[0x10] high edge lint[0x1])
Nov 25 22:26:45 ArchOp kernel: ACPI: LAPIC_NMI (acpi_id[0x11] high edge lint[0x1])
Nov 25 22:26:45 ArchOp kernel: ACPI: LAPIC_NMI (acpi_id[0x12] high edge lint[0x1])
Nov 25 22:26:45 ArchOp kernel: ACPI: LAPIC_NMI (acpi_id[0x13] high edge lint[0x1])
Nov 25 22:26:45 ArchOp kernel: ACPI: LAPIC_NMI (acpi_id[0x14] high edge lint[0x1])
Nov 25 22:26:45 ArchOp kernel: ACPI: LAPIC_NMI (acpi_id[0x15] high edge lint[0x1])
Nov 25 22:26:45 ArchOp kernel: ACPI: LAPIC_NMI (acpi_id[0x16] high edge lint[0x1])
Nov 25 22:26:45 ArchOp kernel: ACPI: LAPIC_NMI (acpi_id[0x17] high edge lint[0x1])
Nov 25 22:26:45 ArchOp kernel: ACPI: LAPIC_NMI (acpi_id[0x00] high edge lint[0x1])
Nov 25 22:26:45 ArchOp kernel: IOAPIC[0]: apic_id 2, version 32, address 0xfec00000, GSI 0-119
Nov 25 22:26:45 ArchOp kernel: ACPI: INT_SRC_OVR (bus 0 bus_irq 0 global_irq 2 dfl dfl)
Nov 25 22:26:45 ArchOp kernel: ACPI: INT_SRC_OVR (bus 0 bus_irq 9 global_irq 9 high level)
Nov 25 22:26:45 ArchOp kernel: ACPI: Using ACPI (MADT) for SMP configuration information
Nov 25 22:26:45 ArchOp kernel: ACPI: HPET id: 0x8086a201 base: 0xfed00000
Nov 25 22:26:45 ArchOp kernel: e820: update [mem 0x6f574000-0x6f667fff] usable ==> reserved
Nov 25 22:26:45 ArchOp kernel: TSC deadline timer available
Nov 25 22:26:45 ArchOp kernel: CPU topo: Max. logical packages:   1
Nov 25 22:26:45 ArchOp kernel: CPU topo: Max. logical dies:       1
Nov 25 22:26:45 ArchOp kernel: CPU topo: Max. dies per package:   1
Nov 25 22:26:45 ArchOp kernel: CPU topo: Max. threads per core:   2
Nov 25 22:26:45 ArchOp kernel: CPU topo: Num. cores per package:     4
Nov 25 22:26:45 ArchOp kernel: CPU topo: Num. threads per package:   8
Nov 25 22:26:45 ArchOp kernel: CPU topo: Allowing 8 present CPUs plus 0 hotplug CPUs
Nov 25 22:26:45 ArchOp kernel: PM: hibernation: Registered nosave memory: [mem 0x00000000-0x00000fff]
Nov 25 22:26:45 ArchOp kernel: PM: hibernation: Registered nosave memory: [mem 0x0009e000-0x0009efff]
Nov 25 22:26:45 ArchOp kernel: PM: hibernation: Registered nosave memory: [mem 0x000a0000-0x000fffff]
Nov 25 22:26:45 ArchOp kernel: PM: hibernation: Registered nosave memory: [mem 0x658cf000-0x658cffff]
Nov 25 22:26:45 ArchOp kernel: PM: hibernation: Registered nosave memory: [mem 0x658dd000-0x658ddfff]
Nov 25 22:26:45 ArchOp kernel: PM: hibernation: Registered nosave memory: [mem 0x658de000-0x658defff]
Nov 25 22:26:45 ArchOp kernel: PM: hibernation: Registered nosave memory: [mem 0x658fe000-0x658fefff]
Nov 25 22:26:45 ArchOp kernel: PM: hibernation: Registered nosave memory: [mem 0x67e95000-0x67e95fff]
Nov 25 22:26:45 ArchOp kernel: PM: hibernation: Registered nosave memory: [mem 0x67e9c000-0x67e9cfff]
Nov 25 22:26:45 ArchOp kernel: PM: hibernation: Registered nosave memory: [mem 0x6f574000-0x6f667fff]
Nov 25 22:26:45 ArchOp kernel: PM: hibernation: Registered nosave memory: [mem 0x71e15000-0x71e15fff]
Nov 25 22:26:45 ArchOp kernel: PM: hibernation: Registered nosave memory: [mem 0x745cf000-0x782cefff]
Nov 25 22:26:45 ArchOp kernel: PM: hibernation: Registered nosave memory: [mem 0x782cf000-0x7851efff]
Nov 25 22:26:45 ArchOp kernel: PM: hibernation: Registered nosave memory: [mem 0x7851f000-0x7871efff]
Nov 25 22:26:45 ArchOp kernel: PM: hibernation: Registered nosave memory: [mem 0x7871f000-0x79ffefff]
Nov 25 22:26:45 ArchOp kernel: PM: hibernation: Registered nosave memory: [mem 0x7a000000-0x7dffffff]
Nov 25 22:26:45 ArchOp kernel: PM: hibernation: Registered nosave memory: [mem 0x7e000000-0x7edfffff]
Nov 25 22:26:45 ArchOp kernel: PM: hibernation: Registered nosave memory: [mem 0x7ee00000-0x7fffffff]
Nov 25 22:26:45 ArchOp kernel: PM: hibernation: Registered nosave memory: [mem 0x80000000-0xfdffffff]
Nov 25 22:26:45 ArchOp kernel: PM: hibernation: Registered nosave memory: [mem 0xfe000000-0xfe010fff]
Nov 25 22:26:45 ArchOp kernel: PM: hibernation: Registered nosave memory: [mem 0xfe011000-0xfebfffff]
Nov 25 22:26:45 ArchOp kernel: PM: hibernation: Registered nosave memory: [mem 0xfec00000-0xfec00fff]
Nov 25 22:26:45 ArchOp kernel: PM: hibernation: Registered nosave memory: [mem 0xfec01000-0xfecfffff]
Nov 25 22:26:45 ArchOp kernel: PM: hibernation: Registered nosave memory: [mem 0xfed00000-0xfed00fff]
Nov 25 22:26:45 ArchOp kernel: PM: hibernation: Registered nosave memory: [mem 0xfed01000-0xfed1ffff]
Nov 25 22:26:45 ArchOp kernel: PM: hibernation: Registered nosave memory: [mem 0xfed20000-0xfed7ffff]
Nov 25 22:26:45 ArchOp kernel: PM: hibernation: Registered nosave memory: [mem 0xfed80000-0xfedfffff]
Nov 25 22:26:45 ArchOp kernel: PM: hibernation: Registered nosave memory: [mem 0xfee00000-0xfee00fff]
Nov 25 22:26:45 ArchOp kernel: PM: hibernation: Registered nosave memory: [mem 0xfee01000-0xffffffff]
Nov 25 22:26:45 ArchOp kernel: [mem 0x80000000-0xfdffffff] available for PCI devices
Nov 25 22:26:45 ArchOp kernel: Booting paravirtualized kernel on bare hardware
Nov 25 22:26:45 ArchOp kernel: clocksource: refined-jiffies: mask: 0xffffffff max_cycles: 0xffffffff, max_idle_ns: 6370452778343963 ns
Nov 25 22:26:45 ArchOp kernel: setup_percpu: NR_CPUS:8192 nr_cpumask_bits:8 nr_cpu_ids:8 nr_node_ids:1
Nov 25 22:26:45 ArchOp kernel: percpu: Embedded 66 pages/cpu s233472 r8192 d28672 u524288
Nov 25 22:26:45 ArchOp kernel: pcpu-alloc: s233472 r8192 d28672 u524288 alloc=1*2097152
Nov 25 22:26:45 ArchOp kernel: pcpu-alloc: [0] 0 1 2 3 [0] 4 5 6 7 
Nov 25 22:26:45 ArchOp kernel: Kernel command line: BOOT_IMAGE=/vmlinuz-linux root=UUID=90ec1229-8a0e-4222-a25f-5f81580f7580 rw loglevel=3 quiet ibt=off
Nov 25 22:26:45 ArchOp kernel: Unknown kernel command line parameters "BOOT_IMAGE=/vmlinuz-linux", will be passed to user space.
Nov 25 22:26:45 ArchOp kernel: Dentry cache hash table entries: 2097152 (order: 12, 16777216 bytes, linear)
Nov 25 22:26:45 ArchOp kernel: Inode-cache hash table entries: 1048576 (order: 11, 8388608 bytes, linear)
Nov 25 22:26:45 ArchOp kernel: Fallback order for Node 0: 0 
Nov 25 22:26:45 ArchOp kernel: Built 1 zonelists, mobility grouping on.  Total pages: 4146540
Nov 25 22:26:45 ArchOp kernel: Policy zone: Normal
Nov 25 22:26:45 ArchOp kernel: mem auto-init: stack:all(zero), heap alloc:on, heap free:off
Nov 25 22:26:45 ArchOp kernel: software IO TLB: area num 8.
Nov 25 22:26:45 ArchOp kernel: SLUB: HWalign=64, Order=0-3, MinObjects=0, CPUs=8, Nodes=1
Nov 25 22:26:45 ArchOp kernel: ftrace: allocating 50630 entries in 198 pages
Nov 25 22:26:45 ArchOp kernel: ftrace: allocated 198 pages with 4 groups
Nov 25 22:26:45 ArchOp kernel: Dynamic Preempt: full
Nov 25 22:26:45 ArchOp kernel: rcu: Preemptible hierarchical RCU implementation.
Nov 25 22:26:45 ArchOp kernel: rcu:         RCU restricting CPUs from NR_CPUS=8192 to nr_cpu_ids=8.
Nov 25 22:26:45 ArchOp kernel: rcu:         RCU priority boosting: priority 1 delay 500 ms.
Nov 25 22:26:45 ArchOp kernel:         Trampoline variant of Tasks RCU enabled.
Nov 25 22:26:45 ArchOp kernel:         Rude variant of Tasks RCU enabled.
Nov 25 22:26:45 ArchOp kernel:         Tracing variant of Tasks RCU enabled.
Nov 25 22:26:45 ArchOp kernel: rcu: RCU calculated value of scheduler-enlistment delay is 30 jiffies.
Nov 25 22:26:45 ArchOp kernel: rcu: Adjusting geometry for rcu_fanout_leaf=16, nr_cpu_ids=8
Nov 25 22:26:45 ArchOp kernel: RCU Tasks: Setting shift to 3 and lim to 1 rcu_task_cb_adjust=1 rcu_task_cpu_ids=8.
Nov 25 22:26:45 ArchOp kernel: RCU Tasks Rude: Setting shift to 3 and lim to 1 rcu_task_cb_adjust=1 rcu_task_cpu_ids=8.
Nov 25 22:26:45 ArchOp kernel: RCU Tasks Trace: Setting shift to 3 and lim to 1 rcu_task_cb_adjust=1 rcu_task_cpu_ids=8.
Nov 25 22:26:45 ArchOp kernel: NR_IRQS: 524544, nr_irqs: 2048, preallocated irqs: 16
Nov 25 22:26:45 ArchOp kernel: rcu: srcu_init: Setting srcu_struct sizes based on contention.
Nov 25 22:26:45 ArchOp kernel: kfence: initialized - using 2097152 bytes for 255 objects at 0x(____ptrval____)-0x(____ptrval____)
Nov 25 22:26:45 ArchOp kernel: Console: colour dummy device 80x25
Nov 25 22:26:45 ArchOp kernel: printk: legacy console [tty0] enabled
Nov 25 22:26:45 ArchOp kernel: ACPI: Core revision 20240322
Nov 25 22:26:45 ArchOp kernel: hpet: HPET dysfunctional in PC10. Force disabled.
Nov 25 22:26:45 ArchOp kernel: APIC: Switch to symmetric I/O mode setup
Nov 25 22:26:45 ArchOp kernel: DMAR: Host address width 39
Nov 25 22:26:45 ArchOp kernel: DMAR: DRHD base: 0x000000fed91000 flags: 0x1
Nov 25 22:26:45 ArchOp kernel: DMAR: dmar0: reg_base_addr fed91000 ver 5:0 cap d2008c40660462 ecap f050da
Nov 25 22:26:45 ArchOp kernel: DMAR-IR: IOAPIC id 2 under DRHD base  0xfed91000 IOMMU 0
Nov 25 22:26:45 ArchOp kernel: DMAR-IR: HPET id 0 under DRHD base 0xfed91000
Nov 25 22:26:45 ArchOp kernel: DMAR-IR: Queued invalidation will be enabled to support x2apic and Intr-remapping.
Nov 25 22:26:45 ArchOp kernel: DMAR-IR: Enabled IRQ remapping in x2apic mode
Nov 25 22:26:45 ArchOp kernel: x2apic enabled
Nov 25 22:26:45 ArchOp kernel: APIC: Switched APIC routing to: cluster x2apic
Nov 25 22:26:45 ArchOp kernel: clocksource: tsc-early: mask: 0xffffffffffffffff max_cycles: 0x2f9a2767029, max_idle_ns: 440795219692 ns
Nov 25 22:26:45 ArchOp kernel: Calibrating delay loop (skipped), value calculated using timer frequency.. 6607.00 BogoMIPS (lpj=11008000)
Nov 25 22:26:45 ArchOp kernel: CPU0: Thermal monitoring enabled (TM1)
Nov 25 22:26:45 ArchOp kernel: x86/cpu: User Mode Instruction Prevention (UMIP) activated
Nov 25 22:26:45 ArchOp kernel: Last level iTLB entries: 4KB 0, 2MB 0, 4MB 0
Nov 25 22:26:45 ArchOp kernel: Last level dTLB entries: 4KB 0, 2MB 0, 4MB 0, 1GB 0
Nov 25 22:26:45 ArchOp kernel: process: using mwait in idle threads
Nov 25 22:26:45 ArchOp kernel: Spectre V1 : Mitigation: usercopy/swapgs barriers and __user pointer sanitization
Nov 25 22:26:45 ArchOp kernel: Spectre V2 : Mitigation: Enhanced / Automatic IBRS
Nov 25 22:26:45 ArchOp kernel: Spectre V2 : Spectre v2 / SpectreRSB mitigation: Filling RSB on context switch
Nov 25 22:26:45 ArchOp kernel: Spectre V2 : Spectre v2 / PBRSB-eIBRS: Retire a single CALL on VMEXIT
Nov 25 22:26:45 ArchOp kernel: Spectre V2 : mitigation: Enabling conditional Indirect Branch Prediction Barrier
Nov 25 22:26:45 ArchOp kernel: Speculative Store Bypass: Mitigation: Speculative Store Bypass disabled via prctl
Nov 25 22:26:45 ArchOp kernel: x86/fpu: Supporting XSAVE feature 0x001: 'x87 floating point registers'
Nov 25 22:26:45 ArchOp kernel: x86/fpu: Supporting XSAVE feature 0x002: 'SSE registers'
Nov 25 22:26:45 ArchOp kernel: x86/fpu: Supporting XSAVE feature 0x004: 'AVX registers'
Nov 25 22:26:45 ArchOp kernel: x86/fpu: Supporting XSAVE feature 0x200: 'Protection Keys User registers'
Nov 25 22:26:45 ArchOp kernel: x86/fpu: Supporting XSAVE feature 0x800: 'Control-flow User registers'
Nov 25 22:26:45 ArchOp kernel: x86/fpu: xstate_offset[2]:  576, xstate_sizes[2]:  256
Nov 25 22:26:45 ArchOp kernel: x86/fpu: xstate_offset[9]:  832, xstate_sizes[9]:    8
Nov 25 22:26:45 ArchOp kernel: x86/fpu: xstate_offset[11]:  840, xstate_sizes[11]:   16
Nov 25 22:26:45 ArchOp kernel: x86/fpu: Enabled xstate features 0xa07, context size is 856 bytes, using 'compacted' format.
Nov 25 22:26:45 ArchOp kernel: Freeing SMP alternatives memory: 40K
Nov 25 22:26:45 ArchOp kernel: pid_max: default: 32768 minimum: 301
Nov 25 22:26:45 ArchOp kernel: LSM: initializing lsm=capability,landlock,lockdown,yama,bpf
Nov 25 22:26:45 ArchOp kernel: landlock: Up and running.
Nov 25 22:26:45 ArchOp kernel: Yama: becoming mindful.
Nov 25 22:26:45 ArchOp kernel: LSM support for eBPF active
Nov 25 22:26:45 ArchOp kernel: Mount-cache hash table entries: 32768 (order: 6, 262144 bytes, linear)
Nov 25 22:26:45 ArchOp kernel: Mountpoint-cache hash table entries: 32768 (order: 6, 262144 bytes, linear)
Nov 25 22:26:45 ArchOp kernel: smpboot: CPU0: 12th Gen Intel(R) Core(TM) i3-12100F (family: 0x6, model: 0x97, stepping: 0x5)
Nov 25 22:26:45 ArchOp kernel: Performance Events: XSAVE Architectural LBR, PEBS fmt4+-baseline,  AnyThread deprecated, Alderlake Hybrid events, 32-deep LBR, full-width counters, Intel PMU driver.
Nov 25 22:26:45 ArchOp kernel: core: cpu_core PMU driver: 
Nov 25 22:26:45 ArchOp kernel: ... version:                5
Nov 25 22:26:45 ArchOp kernel: ... bit width:              48
Nov 25 22:26:45 ArchOp kernel: ... generic registers:      8
Nov 25 22:26:45 ArchOp kernel: ... value mask:             0000ffffffffffff
Nov 25 22:26:45 ArchOp kernel: ... max period:             00007fffffffffff
Nov 25 22:26:45 ArchOp kernel: ... fixed-purpose events:   4
Nov 25 22:26:45 ArchOp kernel: ... event mask:             0001000f000000ff
Nov 25 22:26:45 ArchOp kernel: signal: max sigframe size: 3632
Nov 25 22:26:45 ArchOp kernel: Estimated ratio of average max frequency by base frequency (times 1024): 1272
Nov 25 22:26:45 ArchOp kernel: rcu: Hierarchical SRCU implementation.
Nov 25 22:26:45 ArchOp kernel: rcu:         Max phase no-delay instances is 1000.
Nov 25 22:26:45 ArchOp kernel: Timer migration: 1 hierarchy levels; 8 children per group; 1 crossnode level
Nov 25 22:26:45 ArchOp kernel: NMI watchdog: Enabled. Permanently consumes one hw-PMU counter.
Nov 25 22:26:45 ArchOp kernel: smp: Bringing up secondary CPUs ...
Nov 25 22:26:45 ArchOp kernel: smpboot: x86: Booting SMP configuration:
Nov 25 22:26:45 ArchOp kernel: .... node  #0, CPUs:      #2 #4 #6 #1 #3 #5 #7
Nov 25 22:26:45 ArchOp kernel: smp: Brought up 1 node, 8 CPUs
Nov 25 22:26:45 ArchOp kernel: smpboot: Total of 8 processors activated (52859.00 BogoMIPS)
Nov 25 22:26:45 ArchOp kernel: Memory: 16101244K/16586160K available (18432K kernel code, 2592K rwdata, 13680K rodata, 4172K init, 4356K bss, 467276K reserved, 0K cma-reserved)
Nov 25 22:26:45 ArchOp kernel: devtmpfs: initialized
Nov 25 22:26:45 ArchOp kernel: x86/mm: Memory block size: 128MB
Nov 25 22:26:45 ArchOp kernel: ACPI: PM: Registering ACPI NVS region [mem 0x7851f000-0x7871efff] (2097152 bytes)
Nov 25 22:26:45 ArchOp kernel: clocksource: jiffies: mask: 0xffffffff max_cycles: 0xffffffff, max_idle_ns: 6370867519511994 ns
Nov 25 22:26:45 ArchOp kernel: futex hash table entries: 2048 (order: 5, 131072 bytes, linear)
Nov 25 22:26:45 ArchOp kernel: pinctrl core: initialized pinctrl subsystem
Nov 25 22:26:45 ArchOp kernel: PM: RTC time: 16:56:43, date: 2024-11-25
Nov 25 22:26:45 ArchOp kernel: NET: Registered PF_NETLINK/PF_ROUTE protocol family
Nov 25 22:26:45 ArchOp kernel: DMA: preallocated 2048 KiB GFP_KERNEL pool for atomic allocations
Nov 25 22:26:45 ArchOp kernel: DMA: preallocated 2048 KiB GFP_KERNEL|GFP_DMA pool for atomic allocations
Nov 25 22:26:45 ArchOp kernel: DMA: preallocated 2048 KiB GFP_KERNEL|GFP_DMA32 pool for atomic allocations
Nov 25 22:26:45 ArchOp kernel: audit: initializing netlink subsys (disabled)
Nov 25 22:26:45 ArchOp kernel: audit: type=2000 audit(1732553803.009:1): state=initialized audit_enabled=0 res=1
Nov 25 22:26:45 ArchOp kernel: thermal_sys: Registered thermal governor 'fair_share'
Nov 25 22:26:45 ArchOp kernel: thermal_sys: Registered thermal governor 'bang_bang'
Nov 25 22:26:45 ArchOp kernel: thermal_sys: Registered thermal governor 'step_wise'
Nov 25 22:26:45 ArchOp kernel: thermal_sys: Registered thermal governor 'user_space'
Nov 25 22:26:45 ArchOp kernel: thermal_sys: Registered thermal governor 'power_allocator'
Nov 25 22:26:45 ArchOp kernel: cpuidle: using governor ladder
Nov 25 22:26:45 ArchOp kernel: cpuidle: using governor menu
Nov 25 22:26:45 ArchOp kernel: ACPI FADT declares the system doesn't support PCIe ASPM, so disable it
Nov 25 22:26:45 ArchOp kernel: acpiphp: ACPI Hot Plug PCI Controller Driver version: 0.5
Nov 25 22:26:45 ArchOp kernel: PCI: ECAM [mem 0xc0000000-0xcfffffff] (base 0xc0000000) for domain 0000 [bus 00-ff]
Nov 25 22:26:45 ArchOp kernel: PCI: Using configuration type 1 for base access
Nov 25 22:26:45 ArchOp kernel: kprobes: kprobe jump-optimization is enabled. All kprobes are optimized if possible.
Nov 25 22:26:45 ArchOp kernel: HugeTLB: registered 1.00 GiB page size, pre-allocated 0 pages
Nov 25 22:26:45 ArchOp kernel: HugeTLB: 16380 KiB vmemmap can be freed for a 1.00 GiB page
Nov 25 22:26:45 ArchOp kernel: HugeTLB: registered 2.00 MiB page size, pre-allocated 0 pages
Nov 25 22:26:45 ArchOp kernel: HugeTLB: 28 KiB vmemmap can be freed for a 2.00 MiB page
Nov 25 22:26:45 ArchOp kernel: ACPI: Added _OSI(Module Device)
Nov 25 22:26:45 ArchOp kernel: ACPI: Added _OSI(Processor Device)
Nov 25 22:26:45 ArchOp kernel: ACPI: Added _OSI(3.0 _SCP Extensions)
Nov 25 22:26:45 ArchOp kernel: ACPI: Added _OSI(Processor Aggregator Device)
Nov 25 22:26:45 ArchOp kernel: ACPI: 13 ACPI AML tables successfully acquired and loaded
Nov 25 22:26:45 ArchOp kernel: ACPI: Dynamic OEM Table Load:
Nov 25 22:26:45 ArchOp kernel: ACPI: SSDT 0xFFFF992400D19800 000394 (v02 PmRef  Cpu0Cst  00003001 INTL 20200717)
Nov 25 22:26:45 ArchOp kernel: ACPI: Dynamic OEM Table Load:
Nov 25 22:26:45 ArchOp kernel: ACPI: SSDT 0xFFFF992400D0B800 000668 (v02 PmRef  Cpu0Ist  00003000 INTL 20200717)
Nov 25 22:26:45 ArchOp kernel: ACPI: Dynamic OEM Table Load:
Nov 25 22:26:45 ArchOp kernel: ACPI: SSDT 0xFFFF992401878800 0001AB (v02 PmRef  Cpu0Psd  00003000 INTL 20200717)
Nov 25 22:26:45 ArchOp kernel: ACPI: Dynamic OEM Table Load:
Nov 25 22:26:45 ArchOp kernel: ACPI: SSDT 0xFFFF992400D0A000 0004BA (v02 PmRef  Cpu0Hwp  00003000 INTL 20200717)
Nov 25 22:26:45 ArchOp kernel: ACPI: Dynamic OEM Table Load:
Nov 25 22:26:45 ArchOp kernel: ACPI: SSDT 0xFFFF992400D04000 001BAF (v02 PmRef  ApIst    00003000 INTL 20200717)
Nov 25 22:26:45 ArchOp kernel: ACPI: Dynamic OEM Table Load:
Nov 25 22:26:45 ArchOp kernel: ACPI: SSDT 0xFFFF9924018BE000 001038 (v02 PmRef  ApHwp    00003000 INTL 20200717)
Nov 25 22:26:45 ArchOp kernel: ACPI: Dynamic OEM Table Load:
Nov 25 22:26:45 ArchOp kernel: ACPI: SSDT 0xFFFF9924018BC000 001349 (v02 PmRef  ApPsd    00003000 INTL 20200717)
Nov 25 22:26:45 ArchOp kernel: ACPI: Dynamic OEM Table Load:
Nov 25 22:26:45 ArchOp kernel: ACPI: SSDT 0xFFFF992400D14000 000FBB (v02 PmRef  ApCst    00003000 INTL 20200717)
Nov 25 22:26:45 ArchOp kernel: ACPI: Interpreter enabled
Nov 25 22:26:45 ArchOp kernel: ACPI: PM: (supports S0 S3 S4 S5)
Nov 25 22:26:45 ArchOp kernel: ACPI: Using IOAPIC for interrupt routing
Nov 25 22:26:45 ArchOp kernel: PCI: Using host bridge windows from ACPI; if necessary, use "pci=nocrs" and report a bug
Nov 25 22:26:45 ArchOp kernel: PCI: Using E820 reservations for host bridge windows
Nov 25 22:26:45 ArchOp kernel: ACPI: Enabled 6 GPEs in block 00 to 7F
Nov 25 22:26:45 ArchOp kernel: ACPI: \_SB_.PC00.LPCB.UAR1.DRP1: New power resource
Nov 25 22:26:45 ArchOp kernel: ACPI: \_SB_.PC00.CNVW.WRST: New power resource
Nov 25 22:26:45 ArchOp kernel: ACPI: \_TZ_.FN00: New power resource
Nov 25 22:26:45 ArchOp kernel: ACPI: \_TZ_.FN01: New power resource
Nov 25 22:26:45 ArchOp kernel: ACPI: \_TZ_.FN02: New power resource
Nov 25 22:26:45 ArchOp kernel: ACPI: \_TZ_.FN03: New power resource
Nov 25 22:26:45 ArchOp kernel: ACPI: \_TZ_.FN04: New power resource
Nov 25 22:26:45 ArchOp kernel: ACPI: \PIN_: New power resource
Nov 25 22:26:45 ArchOp kernel: ACPI: PCI Root Bridge [PC00] (domain 0000 [bus 00-e0])
Nov 25 22:26:45 ArchOp kernel: acpi PNP0A08:00: _OSC: OS supports [ExtendedConfig ASPM ClockPM Segments MSI EDR HPX-Type3]
Nov 25 22:26:45 ArchOp kernel: acpi PNP0A08:00: _OSC: OS now controls [PCIeHotplug SHPCHotplug PME AER PCIeCapability LTR DPC]
Nov 25 22:26:45 ArchOp kernel: acpi PNP0A08:00: FADT indicates ASPM is unsupported, using BIOS configuration
Nov 25 22:26:45 ArchOp kernel: PCI host bridge to bus 0000:00
Nov 25 22:26:45 ArchOp kernel: pci_bus 0000:00: root bus resource [io  0x0000-0x0cf7 window]
Nov 25 22:26:45 ArchOp kernel: pci_bus 0000:00: root bus resource [io  0x0d00-0xffff window]
Nov 25 22:26:45 ArchOp kernel: pci_bus 0000:00: root bus resource [mem 0x000a0000-0x000bffff window]
Nov 25 22:26:45 ArchOp kernel: pci_bus 0000:00: root bus resource [mem 0x000e0000-0x000effff window]
Nov 25 22:26:45 ArchOp kernel: pci_bus 0000:00: root bus resource [mem 0x80000000-0xbfffffff window]
Nov 25 22:26:45 ArchOp kernel: pci_bus 0000:00: root bus resource [mem 0x4000000000-0x7fffffffff window]
Nov 25 22:26:45 ArchOp kernel: pci_bus 0000:00: root bus resource [bus 00-e0]
Nov 25 22:26:45 ArchOp kernel: pci 0000:00:00.0: [8086:4630] type 00 class 0x060000 conventional PCI endpoint
Nov 25 22:26:45 ArchOp kernel: pci 0000:00:01.0: [8086:460d] type 01 class 0x060400 PCIe Root Port
Nov 25 22:26:45 ArchOp kernel: pci 0000:00:01.0: PCI bridge to [bus 01]
Nov 25 22:26:45 ArchOp kernel: pci 0000:00:01.0:   bridge window [io  0x5000-0x5fff]
Nov 25 22:26:45 ArchOp kernel: pci 0000:00:01.0:   bridge window [mem 0x82000000-0x830fffff]
Nov 25 22:26:45 ArchOp kernel: pci 0000:00:01.0:   bridge window [mem 0x4000000000-0x4009ffffff 64bit pref]
Nov 25 22:26:45 ArchOp kernel: pci 0000:00:01.0: PME# supported from D0 D3hot D3cold
Nov 25 22:26:45 ArchOp kernel: pci 0000:00:01.0: PTM enabled (root), 4ns granularity
Nov 25 22:26:45 ArchOp kernel: pci 0000:00:0a.0: [8086:467d] type 00 class 0x118000 PCIe Root Complex Integrated Endpoint
Nov 25 22:26:45 ArchOp kernel: pci 0000:00:0a.0: BAR 0 [mem 0x400c210000-0x400c217fff 64bit]
Nov 25 22:26:45 ArchOp kernel: pci 0000:00:0a.0: enabling Extended Tags
Nov 25 22:26:45 ArchOp kernel: pci 0000:00:0e.0: [8086:467f] type 00 class 0x010400 PCIe Root Complex Integrated Endpoint
Nov 25 22:26:45 ArchOp kernel: pci 0000:00:0e.0: BAR 0 [mem 0x400a000000-0x400bffffff 64bit]
Nov 25 22:26:45 ArchOp kernel: pci 0000:00:0e.0: BAR 2 [mem 0x80000000-0x81ffffff]
Nov 25 22:26:45 ArchOp kernel: pci 0000:00:0e.0: BAR 4 [mem 0x400c100000-0x400c1fffff 64bit]
Nov 25 22:26:45 ArchOp kernel: pci 0000:00:14.0: [8086:7ae0] type 00 class 0x0c0330 conventional PCI endpoint
Nov 25 22:26:45 ArchOp kernel: pci 0000:00:14.0: BAR 0 [mem 0x400c200000-0x400c20ffff 64bit]
Nov 25 22:26:45 ArchOp kernel: pci 0000:00:14.0: PME# supported from D3hot D3cold
Nov 25 22:26:45 ArchOp kernel: pci 0000:00:14.2: [8086:7aa7] type 00 class 0x050000 conventional PCI endpoint
Nov 25 22:26:45 ArchOp kernel: pci 0000:00:14.2: BAR 0 [mem 0x400c21c000-0x400c21ffff 64bit]
Nov 25 22:26:45 ArchOp kernel: pci 0000:00:14.2: BAR 2 [mem 0x400c223000-0x400c223fff 64bit]
Nov 25 22:26:45 ArchOp kernel: pci 0000:00:15.0: [8086:7acc] type 00 class 0x0c8000 conventional PCI endpoint
Nov 25 22:26:45 ArchOp kernel: pci 0000:00:15.0: BAR 0 [mem 0x00000000-0x00000fff 64bit]
Nov 25 22:26:45 ArchOp kernel: pci 0000:00:16.0: [8086:7ae8] type 00 class 0x078000 conventional PCI endpoint
Nov 25 22:26:45 ArchOp kernel: pci 0000:00:16.0: BAR 0 [mem 0x400c221000-0x400c221fff 64bit]
Nov 25 22:26:45 ArchOp kernel: pci 0000:00:16.0: PME# supported from D3hot
Nov 25 22:26:45 ArchOp kernel: pci 0000:00:17.0: [8086:7ae2] type 00 class 0x010601 conventional PCI endpoint
Nov 25 22:26:45 ArchOp kernel: pci 0000:00:17.0: BAR 0 [mem 0x83d00000-0x83d01fff]
Nov 25 22:26:45 ArchOp kernel: pci 0000:00:17.0: BAR 1 [mem 0x83d03000-0x83d030ff]
Nov 25 22:26:45 ArchOp kernel: pci 0000:00:17.0: BAR 2 [io  0x6050-0x6057]
Nov 25 22:26:45 ArchOp kernel: pci 0000:00:17.0: BAR 3 [io  0x6040-0x6043]
Nov 25 22:26:45 ArchOp kernel: pci 0000:00:17.0: BAR 4 [io  0x6020-0x603f]
Nov 25 22:26:45 ArchOp kernel: pci 0000:00:17.0: BAR 5 [mem 0x83d02000-0x83d027ff]
Nov 25 22:26:45 ArchOp kernel: pci 0000:00:17.0: PME# supported from D3hot
Nov 25 22:26:45 ArchOp kernel: pci 0000:00:1c.0: [8086:7ab8] type 01 class 0x060400 PCIe Root Port
Nov 25 22:26:45 ArchOp kernel: pci 0000:00:1c.0: PCI bridge to [bus 02]
Nov 25 22:26:45 ArchOp kernel: pci 0000:00:1c.0:   bridge window [io  0x4000-0x4fff]
Nov 25 22:26:45 ArchOp kernel: pci 0000:00:1c.0:   bridge window [mem 0x83100000-0x83afffff]
Nov 25 22:26:45 ArchOp kernel: pci 0000:00:1c.0: PME# supported from D0 D3hot D3cold
Nov 25 22:26:45 ArchOp kernel: pci 0000:00:1c.2: [8086:7aba] type 01 class 0x060400 PCIe Root Port
Nov 25 22:26:45 ArchOp kernel: pci 0000:00:1c.2: PCI bridge to [bus 03]
Nov 25 22:26:45 ArchOp kernel: pci 0000:00:1c.2:   bridge window [io  0x3000-0x3fff]
Nov 25 22:26:45 ArchOp kernel: pci 0000:00:1c.2:   bridge window [mem 0x83c00000-0x83cfffff]
Nov 25 22:26:45 ArchOp kernel: pci 0000:00:1c.2: PME# supported from D0 D3hot D3cold
Nov 25 22:26:45 ArchOp kernel: pci 0000:00:1c.2: PTM enabled (root), 4ns granularity
Nov 25 22:26:45 ArchOp kernel: pci 0000:00:1c.4: [8086:7abc] type 01 class 0x060400 PCIe Root Port
Nov 25 22:26:45 ArchOp kernel: pci 0000:00:1c.4: PCI bridge to [bus 04]
Nov 25 22:26:45 ArchOp kernel: pci 0000:00:1c.4:   bridge window [mem 0x83b00000-0x83bfffff]
Nov 25 22:26:45 ArchOp kernel: pci 0000:00:1c.4: PME# supported from D0 D3hot D3cold
Nov 25 22:26:45 ArchOp kernel: pci 0000:00:1c.4: PTM enabled (root), 4ns granularity
Nov 25 22:26:45 ArchOp kernel: pci 0000:00:1f.0: [8086:7a87] type 00 class 0x060100 conventional PCI endpoint
Nov 25 22:26:45 ArchOp kernel: pci 0000:00:1f.3: [8086:7ad0] type 00 class 0x040300 conventional PCI endpoint
Nov 25 22:26:45 ArchOp kernel: pci 0000:00:1f.3: BAR 0 [mem 0x400c218000-0x400c21bfff 64bit]
Nov 25 22:26:45 ArchOp kernel: pci 0000:00:1f.3: BAR 4 [mem 0x400c000000-0x400c0fffff 64bit]
Nov 25 22:26:45 ArchOp kernel: pci 0000:00:1f.3: PME# supported from D3hot D3cold
Nov 25 22:26:45 ArchOp kernel: pci 0000:00:1f.4: [8086:7aa3] type 00 class 0x0c0500 conventional PCI endpoint
Nov 25 22:26:45 ArchOp kernel: pci 0000:00:1f.4: BAR 0 [mem 0x400c220000-0x400c2200ff 64bit]
Nov 25 22:26:45 ArchOp kernel: pci 0000:00:1f.4: BAR 4 [io  0xefa0-0xefbf]
Nov 25 22:26:45 ArchOp kernel: pci 0000:00:1f.5: [8086:7aa4] type 00 class 0x0c8000 conventional PCI endpoint
Nov 25 22:26:45 ArchOp kernel: pci 0000:00:1f.5: BAR 0 [mem 0xfe010000-0xfe010fff]
Nov 25 22:26:45 ArchOp kernel: pci 0000:01:00.0: [10de:128b] type 00 class 0x030000 PCIe Legacy Endpoint
Nov 25 22:26:45 ArchOp kernel: pci 0000:01:00.0: BAR 0 [mem 0x82000000-0x82ffffff]
Nov 25 22:26:45 ArchOp kernel: pci 0000:01:00.0: BAR 1 [mem 0x4000000000-0x4007ffffff 64bit pref]
Nov 25 22:26:45 ArchOp kernel: pci 0000:01:00.0: BAR 3 [mem 0x4008000000-0x4009ffffff 64bit pref]
Nov 25 22:26:45 ArchOp kernel: pci 0000:01:00.0: BAR 5 [io  0x5000-0x507f]
Nov 25 22:26:45 ArchOp kernel: pci 0000:01:00.0: ROM [mem 0x83000000-0x8307ffff pref]
Nov 25 22:26:45 ArchOp kernel: pci 0000:01:00.1: [10de:0e0f] type 00 class 0x040300 PCIe Endpoint
Nov 25 22:26:45 ArchOp kernel: pci 0000:01:00.1: BAR 0 [mem 0x83080000-0x83083fff]
Nov 25 22:26:45 ArchOp kernel: pci 0000:00:01.0: PCI bridge to [bus 01]
Nov 25 22:26:45 ArchOp kernel: pci 0000:00:1c.0: PCI bridge to [bus 02]
Nov 25 22:26:45 ArchOp kernel: pci 0000:03:00.0: [10ec:8168] type 00 class 0x020000 PCIe Endpoint
Nov 25 22:26:45 ArchOp kernel: pci 0000:03:00.0: BAR 0 [io  0x3000-0x30ff]
Nov 25 22:26:45 ArchOp kernel: pci 0000:03:00.0: BAR 2 [mem 0x83c04000-0x83c04fff 64bit]
Nov 25 22:26:45 ArchOp kernel: pci 0000:03:00.0: BAR 4 [mem 0x83c00000-0x83c03fff 64bit]
Nov 25 22:26:45 ArchOp kernel: pci 0000:03:00.0: supports D1 D2
Nov 25 22:26:45 ArchOp kernel: pci 0000:03:00.0: PME# supported from D0 D1 D2 D3hot D3cold
Nov 25 22:26:45 ArchOp kernel: pci 0000:00:1c.2: PCI bridge to [bus 03]
Nov 25 22:26:45 ArchOp kernel: pci 0000:04:00.0: [1cc1:5763] type 00 class 0x010802 PCIe Endpoint
Nov 25 22:26:45 ArchOp kernel: pci 0000:04:00.0: BAR 0 [mem 0x83b00000-0x83b03fff 64bit]
Nov 25 22:26:45 ArchOp kernel: pci 0000:04:00.0: BAR 5 [mem 0x83b04000-0x83b05fff]
Nov 25 22:26:45 ArchOp kernel: pci 0000:00:1c.4: PCI bridge to [bus 04]
Nov 25 22:26:45 ArchOp kernel: ACPI: PCI: Interrupt link LNKA configured for IRQ 0
Nov 25 22:26:45 ArchOp kernel: ACPI: PCI: Interrupt link LNKB configured for IRQ 1
Nov 25 22:26:45 ArchOp kernel: ACPI: PCI: Interrupt link LNKC configured for IRQ 0
Nov 25 22:26:45 ArchOp kernel: ACPI: PCI: Interrupt link LNKD configured for IRQ 0
Nov 25 22:26:45 ArchOp kernel: ACPI: PCI: Interrupt link LNKE configured for IRQ 0
Nov 25 22:26:45 ArchOp kernel: ACPI: PCI: Interrupt link LNKF configured for IRQ 0
Nov 25 22:26:45 ArchOp kernel: ACPI: PCI: Interrupt link LNKG configured for IRQ 0
Nov 25 22:26:45 ArchOp kernel: ACPI: PCI: Interrupt link LNKH configured for IRQ 0
Nov 25 22:26:45 ArchOp kernel: iommu: Default domain type: Translated
Nov 25 22:26:45 ArchOp kernel: iommu: DMA domain TLB invalidation policy: lazy mode
Nov 25 22:26:45 ArchOp kernel: SCSI subsystem initialized
Nov 25 22:26:45 ArchOp kernel: libata version 3.00 loaded.
Nov 25 22:26:45 ArchOp kernel: ACPI: bus type USB registered
Nov 25 22:26:45 ArchOp kernel: usbcore: registered new interface driver usbfs
Nov 25 22:26:45 ArchOp kernel: usbcore: registered new interface driver hub
Nov 25 22:26:45 ArchOp kernel: usbcore: registered new device driver usb
Nov 25 22:26:45 ArchOp kernel: EDAC MC: Ver: 3.0.0
Nov 25 22:26:45 ArchOp kernel: efivars: Registered efivars operations
Nov 25 22:26:45 ArchOp kernel: NetLabel: Initializing
Nov 25 22:26:45 ArchOp kernel: NetLabel:  domain hash size = 128
Nov 25 22:26:45 ArchOp kernel: NetLabel:  protocols = UNLABELED CIPSOv4 CALIPSO
Nov 25 22:26:45 ArchOp kernel: NetLabel:  unlabeled traffic allowed by default
Nov 25 22:26:45 ArchOp kernel: mctp: management component transport protocol core
Nov 25 22:26:45 ArchOp kernel: NET: Registered PF_MCTP protocol family
Nov 25 22:26:45 ArchOp kernel: PCI: Using ACPI for IRQ routing
Nov 25 22:26:45 ArchOp kernel: PCI: pci_cache_line_size set to 64 bytes
Nov 25 22:26:45 ArchOp kernel: pci 0000:00:1f.5: BAR 0 [mem 0xfe010000-0xfe010fff]: can't claim; no compatible bridge window
Nov 25 22:26:45 ArchOp kernel: e820: reserve RAM buffer [mem 0x0009e000-0x0009ffff]
Nov 25 22:26:45 ArchOp kernel: e820: reserve RAM buffer [mem 0x658cf018-0x67ffffff]
Nov 25 22:26:45 ArchOp kernel: e820: reserve RAM buffer [mem 0x658de018-0x67ffffff]
Nov 25 22:26:45 ArchOp kernel: e820: reserve RAM buffer [mem 0x67e95000-0x67ffffff]
Nov 25 22:26:45 ArchOp kernel: e820: reserve RAM buffer [mem 0x67e9c000-0x67ffffff]
Nov 25 22:26:45 ArchOp kernel: e820: reserve RAM buffer [mem 0x6f574000-0x6fffffff]
Nov 25 22:26:45 ArchOp kernel: e820: reserve RAM buffer [mem 0x71e15000-0x73ffffff]
Nov 25 22:26:45 ArchOp kernel: e820: reserve RAM buffer [mem 0x745cf000-0x77ffffff]
Nov 25 22:26:45 ArchOp kernel: e820: reserve RAM buffer [mem 0x7a000000-0x7bffffff]
Nov 25 22:26:45 ArchOp kernel: pci 0000:01:00.0: vgaarb: setting as boot VGA device
Nov 25 22:26:45 ArchOp kernel: pci 0000:01:00.0: vgaarb: bridge control possible
Nov 25 22:26:45 ArchOp kernel: pci 0000:01:00.0: vgaarb: VGA device added: decodes=io+mem,owns=none,locks=none
Nov 25 22:26:45 ArchOp kernel: vgaarb: loaded
Nov 25 22:26:45 ArchOp kernel: clocksource: Switched to clocksource tsc-early
Nov 25 22:26:45 ArchOp kernel: VFS: Disk quotas dquot_6.6.0
Nov 25 22:26:45 ArchOp kernel: VFS: Dquot-cache hash table entries: 512 (order 0, 4096 bytes)
Nov 25 22:26:45 ArchOp kernel: pnp: PnP ACPI init
Nov 25 22:26:45 ArchOp kernel: system 00:00: [io  0x0290-0x029f] has been reserved
Nov 25 22:26:45 ArchOp kernel: pnp 00:01: [dma 0 disabled]
Nov 25 22:26:45 ArchOp kernel: system 00:02: [io  0x0680-0x069f] has been reserved
Nov 25 22:26:45 ArchOp kernel: system 00:02: [io  0x164e-0x164f] has been reserved
Nov 25 22:26:45 ArchOp kernel: system 00:03: [io  0x1854-0x1857] has been reserved
Nov 25 22:26:45 ArchOp kernel: system 00:04: [mem 0xfedc0000-0xfedc7fff] has been reserved
Nov 25 22:26:45 ArchOp kernel: system 00:04: [mem 0xfeda0000-0xfeda0fff] has been reserved
Nov 25 22:26:45 ArchOp kernel: system 00:04: [mem 0xfeda1000-0xfeda1fff] has been reserved
Nov 25 22:26:45 ArchOp kernel: system 00:04: [mem 0xc0000000-0xcfffffff] has been reserved
Nov 25 22:26:45 ArchOp kernel: system 00:04: [mem 0xfed20000-0xfed7ffff] could not be reserved
Nov 25 22:26:45 ArchOp kernel: system 00:04: [mem 0xfed90000-0xfed93fff] could not be reserved
Nov 25 22:26:45 ArchOp kernel: system 00:04: [mem 0xfed45000-0xfed8ffff] could not be reserved
Nov 25 22:26:45 ArchOp kernel: system 00:04: [mem 0xfee00000-0xfeefffff] could not be reserved
Nov 25 22:26:45 ArchOp kernel: system 00:05: [io  0x2000-0x20fe] has been reserved
Nov 25 22:26:45 ArchOp kernel: pnp: PnP ACPI: found 7 devices
Nov 25 22:26:45 ArchOp kernel: clocksource: acpi_pm: mask: 0xffffff max_cycles: 0xffffff, max_idle_ns: 2085701024 ns
Nov 25 22:26:45 ArchOp kernel: NET: Registered PF_INET protocol family
Nov 25 22:26:45 ArchOp kernel: IP idents hash table entries: 262144 (order: 9, 2097152 bytes, linear)
Nov 25 22:26:45 ArchOp kernel: tcp_listen_portaddr_hash hash table entries: 8192 (order: 5, 131072 bytes, linear)
Nov 25 22:26:45 ArchOp kernel: Table-perturb hash table entries: 65536 (order: 6, 262144 bytes, linear)
Nov 25 22:26:45 ArchOp kernel: TCP established hash table entries: 131072 (order: 8, 1048576 bytes, linear)
Nov 25 22:26:45 ArchOp kernel: TCP bind hash table entries: 65536 (order: 9, 2097152 bytes, linear)
Nov 25 22:26:45 ArchOp kernel: TCP: Hash tables configured (established 131072 bind 65536)
Nov 25 22:26:45 ArchOp kernel: MPTCP token hash table entries: 16384 (order: 6, 393216 bytes, linear)
Nov 25 22:26:45 ArchOp kernel: UDP hash table entries: 8192 (order: 6, 262144 bytes, linear)
Nov 25 22:26:45 ArchOp kernel: UDP-Lite hash table entries: 8192 (order: 6, 262144 bytes, linear)
Nov 25 22:26:45 ArchOp kernel: NET: Registered PF_UNIX/PF_LOCAL protocol family
Nov 25 22:26:45 ArchOp kernel: NET: Registered PF_XDP protocol family
Nov 25 22:26:45 ArchOp kernel: pci 0000:00:1c.0: bridge window [mem 0x00100000-0x000fffff 64bit pref] to [bus 02] add_size 200000 add_align 100000
Nov 25 22:26:45 ArchOp kernel: pci 0000:00:1c.0: bridge window [mem 0x400c300000-0x400c4fffff 64bit pref]: assigned
Nov 25 22:26:45 ArchOp kernel: pci 0000:00:15.0: BAR 0 [mem 0x400c222000-0x400c222fff 64bit]: assigned
Nov 25 22:26:45 ArchOp kernel: resource: avoiding allocation from e820 entry [mem 0x000a0000-0x000fffff]
Nov 25 22:26:45 ArchOp kernel: resource: avoiding allocation from e820 entry [mem 0x000a0000-0x000fffff]
Nov 25 22:26:45 ArchOp kernel: pci 0000:00:1f.5: BAR 0 [mem 0x83d04000-0x83d04fff]: assigned
Nov 25 22:26:45 ArchOp kernel: pci 0000:00:01.0: PCI bridge to [bus 01]
Nov 25 22:26:45 ArchOp kernel: pci 0000:00:01.0:   bridge window [io  0x5000-0x5fff]
Nov 25 22:26:45 ArchOp kernel: pci 0000:00:01.0:   bridge window [mem 0x82000000-0x830fffff]
Nov 25 22:26:45 ArchOp kernel: pci 0000:00:01.0:   bridge window [mem 0x4000000000-0x4009ffffff 64bit pref]
Nov 25 22:26:45 ArchOp kernel: pci 0000:00:1c.0: PCI bridge to [bus 02]
Nov 25 22:26:45 ArchOp kernel: pci 0000:00:1c.0:   bridge window [io  0x4000-0x4fff]
Nov 25 22:26:45 ArchOp kernel: pci 0000:00:1c.0:   bridge window [mem 0x83100000-0x83afffff]
Nov 25 22:26:45 ArchOp kernel: pci 0000:00:1c.0:   bridge window [mem 0x400c300000-0x400c4fffff 64bit pref]
Nov 25 22:26:45 ArchOp kernel: pci 0000:00:1c.2: PCI bridge to [bus 03]
Nov 25 22:26:45 ArchOp kernel: pci 0000:00:1c.2:   bridge window [io  0x3000-0x3fff]
Nov 25 22:26:45 ArchOp kernel: pci 0000:00:1c.2:   bridge window [mem 0x83c00000-0x83cfffff]
Nov 25 22:26:45 ArchOp kernel: pci 0000:00:1c.4: PCI bridge to [bus 04]
Nov 25 22:26:45 ArchOp kernel: pci 0000:00:1c.4:   bridge window [mem 0x83b00000-0x83bfffff]
Nov 25 22:26:45 ArchOp kernel: pci_bus 0000:00: resource 4 [io  0x0000-0x0cf7 window]
Nov 25 22:26:45 ArchOp kernel: pci_bus 0000:00: resource 5 [io  0x0d00-0xffff window]
Nov 25 22:26:45 ArchOp kernel: pci_bus 0000:00: resource 6 [mem 0x000a0000-0x000bffff window]
Nov 25 22:26:45 ArchOp kernel: pci_bus 0000:00: resource 7 [mem 0x000e0000-0x000effff window]
Nov 25 22:26:45 ArchOp kernel: pci_bus 0000:00: resource 8 [mem 0x80000000-0xbfffffff window]
Nov 25 22:26:45 ArchOp kernel: pci_bus 0000:00: resource 9 [mem 0x4000000000-0x7fffffffff window]
Nov 25 22:26:45 ArchOp kernel: pci_bus 0000:01: resource 0 [io  0x5000-0x5fff]
Nov 25 22:26:45 ArchOp kernel: pci_bus 0000:01: resource 1 [mem 0x82000000-0x830fffff]
Nov 25 22:26:45 ArchOp kernel: pci_bus 0000:01: resource 2 [mem 0x4000000000-0x4009ffffff 64bit pref]
Nov 25 22:26:45 ArchOp kernel: pci_bus 0000:02: resource 0 [io  0x4000-0x4fff]
Nov 25 22:26:45 ArchOp kernel: pci_bus 0000:02: resource 1 [mem 0x83100000-0x83afffff]
Nov 25 22:26:45 ArchOp kernel: pci_bus 0000:02: resource 2 [mem 0x400c300000-0x400c4fffff 64bit pref]
Nov 25 22:26:45 ArchOp kernel: pci_bus 0000:03: resource 0 [io  0x3000-0x3fff]
Nov 25 22:26:45 ArchOp kernel: pci_bus 0000:03: resource 1 [mem 0x83c00000-0x83cfffff]
Nov 25 22:26:45 ArchOp kernel: pci_bus 0000:04: resource 1 [mem 0x83b00000-0x83bfffff]
Nov 25 22:26:45 ArchOp kernel: pci 0000:01:00.1: extending delay after power-on from D3hot to 20 msec
Nov 25 22:26:45 ArchOp kernel: pci 0000:01:00.1: D0 power state depends on 0000:01:00.0
Nov 25 22:26:45 ArchOp kernel: PCI: CLS 64 bytes, default 64
Nov 25 22:26:45 ArchOp kernel: PCI-DMA: Using software bounce buffering for IO (SWIOTLB)
Nov 25 22:26:45 ArchOp kernel: software IO TLB: mapped [mem 0x000000006a9be000-0x000000006e9be000] (64MB)
Nov 25 22:26:45 ArchOp kernel: Trying to unpack rootfs image as initramfs...
Nov 25 22:26:45 ArchOp kernel: clocksource: tsc: mask: 0xffffffffffffffff max_cycles: 0x2f9a2767029, max_idle_ns: 440795219692 ns
Nov 25 22:26:45 ArchOp kernel: clocksource: Switched to clocksource tsc
Nov 25 22:26:45 ArchOp kernel: platform rtc_cmos: registered platform RTC device (no PNP device found)
Nov 25 22:26:45 ArchOp kernel: Initialise system trusted keyrings
Nov 25 22:26:45 ArchOp kernel: Key type blacklist registered
Nov 25 22:26:45 ArchOp kernel: workingset: timestamp_bits=36 max_order=22 bucket_order=0
Nov 25 22:26:45 ArchOp kernel: fuse: init (API version 7.40)
Nov 25 22:26:45 ArchOp kernel: integrity: Platform Keyring initialized
Nov 25 22:26:45 ArchOp kernel: integrity: Machine keyring initialized
Nov 25 22:26:45 ArchOp kernel: Key type asymmetric registered
Nov 25 22:26:45 ArchOp kernel: Asymmetric key parser 'x509' registered
Nov 25 22:26:45 ArchOp kernel: Block layer SCSI generic (bsg) driver version 0.4 loaded (major 246)
Nov 25 22:26:45 ArchOp kernel: io scheduler mq-deadline registered
Nov 25 22:26:45 ArchOp kernel: io scheduler kyber registered
Nov 25 22:26:45 ArchOp kernel: io scheduler bfq registered
Nov 25 22:26:45 ArchOp kernel: pcieport 0000:00:01.0: PME: Signaling with IRQ 120
Nov 25 22:26:45 ArchOp kernel: pcieport 0000:00:01.0: AER: enabled with IRQ 120
Nov 25 22:26:45 ArchOp kernel: pcieport 0000:00:1c.0: PME: Signaling with IRQ 121
Nov 25 22:26:45 ArchOp kernel: pcieport 0000:00:1c.0: pciehp: Slot #0 AttnBtn- PwrCtrl- MRL- AttnInd- PwrInd- HotPlug+ Surprise+ Interlock- NoCompl+ IbPresDis- LLActRep+
Nov 25 22:26:45 ArchOp kernel: pcieport 0000:00:1c.2: PME: Signaling with IRQ 122
Nov 25 22:26:45 ArchOp kernel: pcieport 0000:00:1c.2: AER: enabled with IRQ 122
Nov 25 22:26:45 ArchOp kernel: pcieport 0000:00:1c.4: PME: Signaling with IRQ 123
Nov 25 22:26:45 ArchOp kernel: pcieport 0000:00:1c.4: AER: enabled with IRQ 123
Nov 25 22:26:45 ArchOp kernel: shpchp: Standard Hot Plug PCI Controller Driver version: 0.4
Nov 25 22:26:45 ArchOp kernel: input: Sleep Button as /devices/LNXSYSTM:00/LNXSYBUS:00/PNP0C0E:00/input/input0
Nov 25 22:26:45 ArchOp kernel: ACPI: button: Sleep Button [SLPB]
Nov 25 22:26:45 ArchOp kernel: input: Power Button as /devices/LNXSYSTM:00/LNXSYBUS:00/PNP0C0C:00/input/input1
Nov 25 22:26:45 ArchOp kernel: ACPI: button: Power Button [PWRB]
Nov 25 22:26:45 ArchOp kernel: input: Power Button as /devices/LNXSYSTM:00/LNXPWRBN:00/input/input2
Nov 25 22:26:45 ArchOp kernel: ACPI: button: Power Button [PWRF]
Nov 25 22:26:45 ArchOp kernel: thermal LNXTHERM:00: registered as thermal_zone0
Nov 25 22:26:45 ArchOp kernel: ACPI: thermal: Thermal Zone [TZ00] (28 C)
Nov 25 22:26:45 ArchOp kernel: Serial: 8250/16550 driver, 32 ports, IRQ sharing enabled
Nov 25 22:26:45 ArchOp kernel: 00:01: ttyS0 at I/O 0x3f8 (irq = 4, base_baud = 115200) is a 16550A
Nov 25 22:26:45 ArchOp kernel: hpet_acpi_add: no address or irqs in _CRS
Nov 25 22:26:45 ArchOp kernel: Non-volatile memory driver v1.3
Nov 25 22:26:45 ArchOp kernel: Linux agpgart interface v0.103
Nov 25 22:26:45 ArchOp kernel: Freeing initrd memory: 58516K
Nov 25 22:26:45 ArchOp kernel: ACPI: bus type drm_connector registered
Nov 25 22:26:45 ArchOp kernel: ahci 0000:00:17.0: version 3.0
Nov 25 22:26:45 ArchOp kernel: ahci 0000:00:17.0: AHCI vers 0001.0301, 32 command slots, 6 Gbps, SATA mode
Nov 25 22:26:45 ArchOp kernel: ahci 0000:00:17.0: 4/4 ports implemented (port mask 0xf0)
Nov 25 22:26:45 ArchOp kernel: ahci 0000:00:17.0: flags: 64bit ncq sntf led clo only pio slum part ems deso sadm sds 
Nov 25 22:26:45 ArchOp kernel: scsi host0: ahci
Nov 25 22:26:45 ArchOp kernel: scsi host1: ahci
Nov 25 22:26:45 ArchOp kernel: scsi host2: ahci
Nov 25 22:26:45 ArchOp kernel: scsi host3: ahci
Nov 25 22:26:45 ArchOp kernel: scsi host4: ahci
Nov 25 22:26:45 ArchOp kernel: scsi host5: ahci
Nov 25 22:26:45 ArchOp kernel: scsi host6: ahci
Nov 25 22:26:45 ArchOp kernel: scsi host7: ahci
Nov 25 22:26:45 ArchOp kernel: ata1: DUMMY
Nov 25 22:26:45 ArchOp kernel: ata2: DUMMY
Nov 25 22:26:45 ArchOp kernel: ata3: DUMMY
Nov 25 22:26:45 ArchOp kernel: ata4: DUMMY
Nov 25 22:26:45 ArchOp kernel: ata5: SATA max UDMA/133 abar m2048@0x83d02000 port 0x83d02300 irq 124 lpm-pol 3
Nov 25 22:26:45 ArchOp kernel: ata6: SATA max UDMA/133 abar m2048@0x83d02000 port 0x83d02380 irq 124 lpm-pol 3
Nov 25 22:26:45 ArchOp kernel: ata7: SATA max UDMA/133 abar m2048@0x83d02000 port 0x83d02400 irq 124 lpm-pol 3
Nov 25 22:26:45 ArchOp kernel: ata8: SATA max UDMA/133 abar m2048@0x83d02000 port 0x83d02480 irq 124 lpm-pol 3
Nov 25 22:26:45 ArchOp kernel: usbcore: registered new interface driver usbserial_generic
Nov 25 22:26:45 ArchOp kernel: usbserial: USB Serial support registered for generic
Nov 25 22:26:45 ArchOp kernel: rtc_cmos rtc_cmos: RTC can wake from S4
Nov 25 22:26:45 ArchOp kernel: rtc_cmos rtc_cmos: registered as rtc0
Nov 25 22:26:45 ArchOp kernel: rtc_cmos rtc_cmos: setting system clock to 2024-11-25T16:56:43 UTC (1732553803)
Nov 25 22:26:45 ArchOp kernel: rtc_cmos rtc_cmos: alarms up to one month, y3k, 114 bytes nvram
Nov 25 22:26:45 ArchOp kernel: intel_pstate: Intel P-state driver initializing
Nov 25 22:26:45 ArchOp kernel: intel_pstate: HWP enabled
Nov 25 22:26:45 ArchOp kernel: ledtrig-cpu: registered to indicate activity on CPUs
Nov 25 22:26:45 ArchOp kernel: [drm] Initialized simpledrm 1.0.0 for simple-framebuffer.0 on minor 0
Nov 25 22:26:45 ArchOp kernel: fbcon: Deferring console take-over
Nov 25 22:26:45 ArchOp kernel: simple-framebuffer simple-framebuffer.0: [drm] fb0: simpledrmdrmfb frame buffer device
Nov 25 22:26:45 ArchOp kernel: hid: raw HID events driver (C) Jiri Kosina
Nov 25 22:26:45 ArchOp kernel: drop_monitor: Initializing network drop monitor service
Nov 25 22:26:45 ArchOp kernel: NET: Registered PF_INET6 protocol family
Nov 25 22:26:45 ArchOp kernel: Segment Routing with IPv6
Nov 25 22:26:45 ArchOp kernel: RPL Segment Routing with IPv6
Nov 25 22:26:45 ArchOp kernel: In-situ OAM (IOAM) with IPv6
Nov 25 22:26:45 ArchOp kernel: NET: Registered PF_PACKET protocol family
Nov 25 22:26:45 ArchOp kernel: ENERGY_PERF_BIAS: Set to 'normal', was 'performance'
Nov 25 22:26:45 ArchOp kernel: microcode: Current revision: 0x00000037
Nov 25 22:26:45 ArchOp kernel: microcode: Updated early from: 0x00000023
Nov 25 22:26:45 ArchOp kernel: IPI shorthand broadcast: enabled
Nov 25 22:26:45 ArchOp kernel: sched_clock: Marking stable (370004395, 5986120)->(400204502, -24213987)
Nov 25 22:26:45 ArchOp kernel: registered taskstats version 1
Nov 25 22:26:45 ArchOp kernel: Loading compiled-in X.509 certificates
Nov 25 22:26:45 ArchOp kernel: Loaded X.509 cert 'Build time autogenerated kernel key: 5548050ccce794830875b8ca403205a7f344d83b'
Nov 25 22:26:45 ArchOp kernel: Demotion targets for Node 0: null
Nov 25 22:26:45 ArchOp kernel: Key type .fscrypt registered
Nov 25 22:26:45 ArchOp kernel: Key type fscrypt-provisioning registered
Nov 25 22:26:45 ArchOp kernel: integrity: Loading X.509 certificate: UEFI:db
Nov 25 22:26:45 ArchOp kernel: integrity: Loaded X.509 cert 'ASUSTeK MotherBoard SW Key Certificate: da83b990422ebc8c441f8d8b039a65a2'
Nov 25 22:26:45 ArchOp kernel: integrity: Loading X.509 certificate: UEFI:db
Nov 25 22:26:45 ArchOp kernel: integrity: Loaded X.509 cert 'ASUSTeK Notebook SW Key Certificate: b8e581e4df77a5bb4282d5ccfc00c071'
Nov 25 22:26:45 ArchOp kernel: integrity: Loading X.509 certificate: UEFI:db
Nov 25 22:26:45 ArchOp kernel: integrity: Loaded X.509 cert 'Microsoft Corporation UEFI CA 2011: 13adbf4309bd82709c8cd54f316ed522988a1bd4'
Nov 25 22:26:45 ArchOp kernel: integrity: Loading X.509 certificate: UEFI:db
Nov 25 22:26:45 ArchOp kernel: integrity: Loaded X.509 cert 'Microsoft Windows Production PCA 2011: a92902398e16c49778cd90f99e4f9ae17c55af53'
Nov 25 22:26:45 ArchOp kernel: integrity: Loading X.509 certificate: UEFI:db
Nov 25 22:26:45 ArchOp kernel: integrity: Loaded X.509 cert 'Canonical Ltd. Master Certificate Authority: ad91990bc22ab1f517048c23b6655a268e345a63'
Nov 25 22:26:45 ArchOp kernel: PM:   Magic number: 0:499:945
Nov 25 22:26:45 ArchOp kernel: cpuid cpu0: hash matches
Nov 25 22:26:45 ArchOp kernel: tty tty2: hash matches
Nov 25 22:26:45 ArchOp kernel: processor cpu0: hash matches
Nov 25 22:26:45 ArchOp kernel: RAS: Correctable Errors collector initialized.
Nov 25 22:26:45 ArchOp kernel: clk: Disabling unused clocks
Nov 25 22:26:45 ArchOp kernel: PM: genpd: Disabling unused power domains
Nov 25 22:26:45 ArchOp kernel: ata5: SATA link up 6.0 Gbps (SStatus 133 SControl 300)
Nov 25 22:26:45 ArchOp kernel: ata7: SATA link down (SStatus 4 SControl 300)
Nov 25 22:26:45 ArchOp kernel: ata8: SATA link down (SStatus 4 SControl 300)
Nov 25 22:26:45 ArchOp kernel: ata6: SATA link down (SStatus 4 SControl 300)
Nov 25 22:26:45 ArchOp kernel: ata5.00: ATA-9: WDC WD10PURZ-85U8XY0, 01.01A01, max UDMA/133
Nov 25 22:26:45 ArchOp kernel: ata5.00: 1953525168 sectors, multi 16: LBA48 NCQ (depth 32), AA
Nov 25 22:26:45 ArchOp kernel: ata5.00: configured for UDMA/133
Nov 25 22:26:45 ArchOp kernel: scsi 4:0:0:0: Direct-Access     ATA      WDC WD10PURZ-85U 1A01 PQ: 0 ANSI: 5
Nov 25 22:26:45 ArchOp kernel: sd 4:0:0:0: [sda] 1953525168 512-byte logical blocks: (1.00 TB/932 GiB)
Nov 25 22:26:45 ArchOp kernel: sd 4:0:0:0: [sda] 4096-byte physical blocks
Nov 25 22:26:45 ArchOp kernel: sd 4:0:0:0: [sda] Write Protect is off
Nov 25 22:26:45 ArchOp kernel: sd 4:0:0:0: [sda] Mode Sense: 00 3a 00 00
Nov 25 22:26:45 ArchOp kernel: sd 4:0:0:0: [sda] Write cache: enabled, read cache: enabled, doesn't support DPO or FUA
Nov 25 22:26:45 ArchOp kernel: sd 4:0:0:0: [sda] Preferred minimum I/O size 4096 bytes
Nov 25 22:26:45 ArchOp kernel:  sda: sda1
Nov 25 22:26:45 ArchOp kernel: sd 4:0:0:0: [sda] Attached SCSI disk
Nov 25 22:26:45 ArchOp kernel: Freeing unused decrypted memory: 2028K
Nov 25 22:26:45 ArchOp kernel: Freeing unused kernel image (initmem) memory: 4172K
Nov 25 22:26:45 ArchOp kernel: Write protecting the kernel read-only data: 32768k
Nov 25 22:26:45 ArchOp kernel: Freeing unused kernel image (rodata/data gap) memory: 656K
Nov 25 22:26:45 ArchOp kernel: x86/mm: Checked W+X mappings: passed, no W+X pages found.
Nov 25 22:26:45 ArchOp kernel: rodata_test: all tests were successful
Nov 25 22:26:45 ArchOp kernel: Run /init as init process
Nov 25 22:26:45 ArchOp kernel:   with arguments:
Nov 25 22:26:45 ArchOp kernel:     /init
Nov 25 22:26:45 ArchOp kernel:   with environment:
Nov 25 22:26:45 ArchOp kernel:     HOME=/
Nov 25 22:26:45 ArchOp kernel:     TERM=linux
Nov 25 22:26:45 ArchOp kernel:     BOOT_IMAGE=/vmlinuz-linux
Nov 25 22:26:45 ArchOp kernel: vmd 0000:00:0e.0: PCI host bridge to bus 10000:e0
Nov 25 22:26:45 ArchOp kernel: pci_bus 10000:e0: root bus resource [bus e0-ff]
Nov 25 22:26:45 ArchOp kernel: pci_bus 10000:e0: root bus resource [mem 0x80000000-0x81ffffff]
Nov 25 22:26:45 ArchOp kernel: pci_bus 10000:e0: root bus resource [mem 0x400c102000-0x400c1fffff 64bit]
Nov 25 22:26:45 ArchOp kernel: xhci_hcd 0000:00:14.0: xHCI Host Controller
Nov 25 22:26:45 ArchOp kernel: xhci_hcd 0000:00:14.0: new USB bus registered, assigned bus number 1
Nov 25 22:26:45 ArchOp kernel: xhci_hcd 0000:00:14.0: hcc params 0x20007fc1 hci version 0x120 quirks 0x0000000200009810
Nov 25 22:26:45 ArchOp kernel: xhci_hcd 0000:00:14.0: xHCI Host Controller
Nov 25 22:26:45 ArchOp kernel: xhci_hcd 0000:00:14.0: new USB bus registered, assigned bus number 2
Nov 25 22:26:45 ArchOp kernel: xhci_hcd 0000:00:14.0: Host supports USB 3.2 Enhanced SuperSpeed
Nov 25 22:26:45 ArchOp kernel: usb usb1: New USB device found, idVendor=1d6b, idProduct=0002, bcdDevice= 6.11
Nov 25 22:26:45 ArchOp kernel: usb usb1: New USB device strings: Mfr=3, Product=2, SerialNumber=1
Nov 25 22:26:45 ArchOp kernel: usb usb1: Product: xHCI Host Controller
Nov 25 22:26:45 ArchOp kernel: usb usb1: Manufacturer: Linux 6.11.9-arch1-1 xhci-hcd
Nov 25 22:26:45 ArchOp kernel: usb usb1: SerialNumber: 0000:00:14.0
Nov 25 22:26:45 ArchOp kernel: hub 1-0:1.0: USB hub found
Nov 25 22:26:45 ArchOp kernel: hub 1-0:1.0: 16 ports detected
Nov 25 22:26:45 ArchOp kernel: usb usb2: New USB device found, idVendor=1d6b, idProduct=0003, bcdDevice= 6.11
Nov 25 22:26:45 ArchOp kernel: usb usb2: New USB device strings: Mfr=3, Product=2, SerialNumber=1
Nov 25 22:26:45 ArchOp kernel: usb usb2: Product: xHCI Host Controller
Nov 25 22:26:45 ArchOp kernel: usb usb2: Manufacturer: Linux 6.11.9-arch1-1 xhci-hcd
Nov 25 22:26:45 ArchOp kernel: usb usb2: SerialNumber: 0000:00:14.0
Nov 25 22:26:45 ArchOp kernel: hub 2-0:1.0: USB hub found
Nov 25 22:26:45 ArchOp kernel: hub 2-0:1.0: 4 ports detected
Nov 25 22:26:45 ArchOp kernel: nvme 0000:04:00.0: platform quirk: setting simple suspend
Nov 25 22:26:45 ArchOp kernel: nvme nvme0: pci function 0000:04:00.0
Nov 25 22:26:45 ArchOp kernel: vmd 0000:00:0e.0: Bound to PCI domain 10000
Nov 25 22:26:45 ArchOp kernel: nvme nvme0: failed to set APST feature (2)
Nov 25 22:26:45 ArchOp kernel: nvme nvme0: allocated 64 MiB host memory buffer.
Nov 25 22:26:45 ArchOp kernel: nvme nvme0: 7/0/0 default/read/poll queues
Nov 25 22:26:45 ArchOp kernel:  nvme0n1: p1 p2 p3 p4
Nov 25 22:26:45 ArchOp kernel: usb 1-1: new high-speed USB device number 2 using xhci_hcd
Nov 25 22:26:45 ArchOp kernel: usb 1-1: New USB device found, idVendor=14cd, idProduct=1212, bcdDevice= 1.00
Nov 25 22:26:45 ArchOp kernel: usb 1-1: New USB device strings: Mfr=1, Product=3, SerialNumber=2
Nov 25 22:26:45 ArchOp kernel: usb 1-1: Product: Mass Storage Device
Nov 25 22:26:45 ArchOp kernel: usb 1-1: Manufacturer: Generic
Nov 25 22:26:45 ArchOp kernel: usb 1-1: SerialNumber: 121220160204
Nov 25 22:26:45 ArchOp kernel: usb-storage 1-1:1.0: USB Mass Storage device detected
Nov 25 22:26:45 ArchOp kernel: scsi host8: usb-storage 1-1:1.0
Nov 25 22:26:45 ArchOp kernel: usbcore: registered new interface driver usb-storage
Nov 25 22:26:45 ArchOp kernel: usbcore: registered new interface driver uas
Nov 25 22:26:45 ArchOp kernel: usb 1-2: new full-speed USB device number 3 using xhci_hcd
Nov 25 22:26:45 ArchOp kernel: fbcon: Taking over console
Nov 25 22:26:45 ArchOp kernel: Console: switching to colour frame buffer device 240x67
Nov 25 22:26:45 ArchOp kernel: usb 1-2: New USB device found, idVendor=258a, idProduct=002a, bcdDevice=10.01
Nov 25 22:26:45 ArchOp kernel: usb 1-2: New USB device strings: Mfr=1, Product=2, SerialNumber=0
Nov 25 22:26:45 ArchOp kernel: usb 1-2: Product: Gaming KB 
Nov 25 22:26:45 ArchOp kernel: usb 1-2: Manufacturer: SINO WEALTH
Nov 25 22:26:45 ArchOp kernel: EXT4-fs (nvme0n1p4): mounted filesystem 90ec1229-8a0e-4222-a25f-5f81580f7580 r/w with ordered data mode. Quota mode: none.
Nov 25 22:26:45 ArchOp kernel: usbcore: registered new interface driver usbhid
Nov 25 22:26:45 ArchOp kernel: usbhid: USB HID core driver
Nov 25 22:26:45 ArchOp systemd[1]: systemd 256.8-1-arch running in system mode (+PAM +AUDIT -SELINUX -APPARMOR -IMA +SMACK +SECCOMP +GCRYPT +GNUTLS +OPENSSL +ACL +BLKID +CURL +ELFUTILS +FIDO2 +IDN2 -IDN +IPTC +KMOD +LIBCRYPTSETUP +LIBCRYPTSETUP_PLUGINS +LIBFDISK +PCRE2 +PWQUALITY +P11KIT +QRENCODE +TPM2 +BZIP2 +LZ4 +XZ +ZLIB +ZSTD +BPF_FRAMEWORK +XKBCOMMON +UTMP -SYSVINIT +LIBARCHIVE)
Nov 25 22:26:45 ArchOp systemd[1]: Detected architecture x86-64.
Nov 25 22:26:45 ArchOp systemd[1]: Hostname set to <ArchOp>.
Nov 25 22:26:45 ArchOp kernel: usb 1-7: new high-speed USB device number 4 using xhci_hcd
Nov 25 22:26:45 ArchOp kernel: usb 1-7: New USB device found, idVendor=148f, idProduct=7601, bcdDevice= 0.00
Nov 25 22:26:45 ArchOp kernel: usb 1-7: New USB device strings: Mfr=1, Product=2, SerialNumber=3
Nov 25 22:26:45 ArchOp kernel: usb 1-7: Product: 802.11 n WLAN
Nov 25 22:26:45 ArchOp kernel: usb 1-7: Manufacturer: MediaTek
Nov 25 22:26:45 ArchOp kernel: usb 1-7: SerialNumber: 1.0
Nov 25 22:26:45 ArchOp systemd[1]: bpf-restrict-fs: LSM BPF program attached
Nov 25 22:26:45 ArchOp systemd-ssh-generator[312]: Binding SSH to AF_UNIX socket /run/ssh-unix-local/socket.
Nov 25 22:26:45 ArchOp systemd-ssh-generator[312]:  connect via 'ssh .host' locally
Nov 25 22:26:45 ArchOp kernel: usb 1-8: new full-speed USB device number 5 using xhci_hcd
Nov 25 22:26:45 ArchOp systemd[1]: Queued start job for default target Graphical Interface.
Nov 25 22:26:45 ArchOp systemd[1]: Created slice Slice /system/dirmngr.
Nov 25 22:26:45 ArchOp systemd[1]: Created slice Slice /system/getty.
Nov 25 22:26:45 ArchOp systemd[1]: Created slice Slice /system/gpg-agent.
Nov 25 22:26:45 ArchOp systemd[1]: Created slice Slice /system/gpg-agent-browser.
Nov 25 22:26:45 ArchOp systemd[1]: Created slice Slice /system/gpg-agent-extra.
Nov 25 22:26:45 ArchOp systemd[1]: Created slice Slice /system/gpg-agent-ssh.
Nov 25 22:26:45 ArchOp systemd[1]: Created slice Slice /system/keyboxd.
Nov 25 22:26:45 ArchOp systemd[1]: Created slice Slice /system/modprobe.
Nov 25 22:26:45 ArchOp systemd[1]: Created slice User and Session Slice.
Nov 25 22:26:45 ArchOp systemd[1]: Started Dispatch Password Requests to Console Directory Watch.
Nov 25 22:26:45 ArchOp systemd[1]: Started Forward Password Requests to Wall Directory Watch.
Nov 25 22:26:45 ArchOp systemd[1]: Set up automount Arbitrary Executable File Formats File System Automount Point.
Nov 25 22:26:45 ArchOp systemd[1]: Expecting device /dev/disk/by-uuid/01D88E24FDB209A0...
Nov 25 22:26:45 ArchOp systemd[1]: Expecting device /dev/disk/by-uuid/24EC-4891...
Nov 25 22:26:45 ArchOp systemd[1]: Expecting device /dev/disk/by-uuid/C686-60EE...
Nov 25 22:26:45 ArchOp systemd[1]: Expecting device /dev/disk/by-uuid/F4F69025F68FE5E8...
Nov 25 22:26:45 ArchOp systemd[1]: Reached target Local Encrypted Volumes.
Nov 25 22:26:45 ArchOp systemd[1]: Reached target Local Integrity Protected Volumes.
Nov 25 22:26:45 ArchOp systemd[1]: Reached target Path Units.
Nov 25 22:26:45 ArchOp systemd[1]: Reached target Remote File Systems.
Nov 25 22:26:45 ArchOp systemd[1]: Reached target Slice Units.
Nov 25 22:26:45 ArchOp systemd[1]: Reached target Swaps.
Nov 25 22:26:45 ArchOp systemd[1]: Reached target Local Verity Protected Volumes.
Nov 25 22:26:45 ArchOp systemd[1]: Listening on Device-mapper event daemon FIFOs.
Nov 25 22:26:45 ArchOp systemd[1]: Listening on Process Core Dump Socket.
Nov 25 22:26:45 ArchOp systemd[1]: Listening on Credential Encryption/Decryption.
Nov 25 22:26:45 ArchOp systemd[1]: Listening on Journal Socket (/dev/log).
Nov 25 22:26:45 ArchOp systemd[1]: Listening on Journal Sockets.
Nov 25 22:26:45 ArchOp systemd[1]: TPM PCR Measurements was skipped because of an unmet condition check (ConditionSecurity=measured-uki).
Nov 25 22:26:45 ArchOp systemd[1]: Make TPM PCR Policy was skipped because of an unmet condition check (ConditionSecurity=measured-uki).
Nov 25 22:26:45 ArchOp systemd[1]: Listening on udev Control Socket.
Nov 25 22:26:45 ArchOp systemd[1]: Listening on udev Kernel Socket.
Nov 25 22:26:45 ArchOp systemd[1]: Listening on User Database Manager Socket.
Nov 25 22:26:45 ArchOp systemd[1]: Mounting Huge Pages File System...
Nov 25 22:26:45 ArchOp systemd[1]: Mounting POSIX Message Queue File System...
Nov 25 22:26:45 ArchOp systemd[1]: Mounting Kernel Debug File System...
Nov 25 22:26:45 ArchOp systemd[1]: Mounting Kernel Trace File System...
Nov 25 22:26:45 ArchOp systemd[1]: Mounting Temporary Directory /tmp...
Nov 25 22:26:45 ArchOp systemd[1]: Starting Create List of Static Device Nodes...
Nov 25 22:26:45 ArchOp systemd[1]: Starting Load Kernel Module configfs...
Nov 25 22:26:45 ArchOp systemd[1]: Starting Load Kernel Module dm_mod...
Nov 25 22:26:45 ArchOp systemd[1]: Starting Load Kernel Module drm...
Nov 25 22:26:45 ArchOp systemd[1]: Starting Load Kernel Module fuse...
Nov 25 22:26:45 ArchOp systemd[1]: Starting Load Kernel Module loop...
Nov 25 22:26:45 ArchOp systemd[1]: File System Check on Root Device was skipped because of an unmet condition check (ConditionPathIsReadWrite=!/).
Nov 25 22:26:45 ArchOp systemd[1]: Clear Stale Hibernate Storage Info was skipped because of an unmet condition check (ConditionPathExists=/sys/firmware/efi/efivars/HibernateLocation-8cf2644b-4b0b-428f-9387-6d876050dc67).
Nov 25 22:26:45 ArchOp systemd[1]: Starting Journal Service...
Nov 25 22:26:45 ArchOp systemd[1]: Starting Load Kernel Modules...
Nov 25 22:26:45 ArchOp systemd[1]: TPM PCR Machine ID Measurement was skipped because of an unmet condition check (ConditionSecurity=measured-uki).
Nov 25 22:26:45 ArchOp systemd[1]: Starting Remount Root and Kernel File Systems...
Nov 25 22:26:45 ArchOp systemd[1]: Early TPM SRK Setup was skipped because of an unmet condition check (ConditionSecurity=measured-uki).
Nov 25 22:26:45 ArchOp systemd[1]: Starting Load udev Rules from Credentials...
Nov 25 22:26:45 ArchOp systemd[1]: Starting Coldplug All udev Devices...
Nov 25 22:26:45 ArchOp systemd[1]: Mounted Huge Pages File System.
Nov 25 22:26:45 ArchOp systemd[1]: Mounted POSIX Message Queue File System.
Nov 25 22:26:45 ArchOp systemd[1]: Mounted Kernel Debug File System.
Nov 25 22:26:45 ArchOp systemd[1]: Mounted Kernel Trace File System.
Nov 25 22:26:45 ArchOp systemd[1]: Mounted Temporary Directory /tmp.
Nov 25 22:26:45 ArchOp systemd[1]: Finished Create List of Static Device Nodes.
Nov 25 22:26:45 ArchOp systemd[1]: modprobe@configfs.service: Deactivated successfully.
Nov 25 22:26:45 ArchOp systemd[1]: Finished Load Kernel Module configfs.
Nov 25 22:26:45 ArchOp systemd[1]: modprobe@drm.service: Deactivated successfully.
Nov 25 22:26:45 ArchOp systemd[1]: Finished Load Kernel Module drm.
Nov 25 22:26:45 ArchOp systemd[1]: modprobe@fuse.service: Deactivated successfully.
Nov 25 22:26:45 ArchOp systemd[1]: Finished Load Kernel Module fuse.
Nov 25 22:26:45 ArchOp kernel: loop: module loaded
Nov 25 22:26:45 ArchOp systemd[1]: Mounting FUSE Control File System...
Nov 25 22:26:45 ArchOp systemd[1]: Mounting Kernel Configuration File System...
Nov 25 22:26:45 ArchOp systemd[1]: Starting Create Static Device Nodes in /dev gracefully...
Nov 25 22:26:45 ArchOp kernel: device-mapper: uevent: version 1.0.3
Nov 25 22:26:45 ArchOp kernel: device-mapper: ioctl: 4.48.0-ioctl (2023-03-01) initialised: dm-devel@lists.linux.dev
Nov 25 22:26:45 ArchOp systemd[1]: modprobe@loop.service: Deactivated successfully.
Nov 25 22:26:45 ArchOp systemd[1]: Finished Load Kernel Module loop.
Nov 25 22:26:45 ArchOp systemd[1]: modprobe@dm_mod.service: Deactivated successfully.
Nov 25 22:26:45 ArchOp systemd[1]: Finished Load Kernel Module dm_mod.
Nov 25 22:26:45 ArchOp systemd[1]: Repartition Root Disk was skipped because no trigger condition checks were met.
Nov 25 22:26:45 ArchOp systemd[1]: Finished Load udev Rules from Credentials.
Nov 25 22:26:45 ArchOp systemd[1]: Mounted FUSE Control File System.
Nov 25 22:26:45 ArchOp systemd[1]: Mounted Kernel Configuration File System.
Nov 25 22:26:45 ArchOp systemd-journald[329]: Collecting audit messages is disabled.
Nov 25 22:26:45 ArchOp systemd[1]: Starting User Database Manager...
Nov 25 22:26:45 ArchOp kernel: usb 1-8: New USB device found, idVendor=2357, idProduct=0604, bcdDevice= 2.00
Nov 25 22:26:45 ArchOp kernel: usb 1-8: New USB device strings: Mfr=1, Product=2, SerialNumber=3
Nov 25 22:26:45 ArchOp kernel: usb 1-8: Product: TP-Link UB500 Adapter
Nov 25 22:26:45 ArchOp kernel: usb 1-8: Manufacturer:  
Nov 25 22:26:45 ArchOp kernel: usb 1-8: SerialNumber: E848B8C82000
Nov 25 22:26:45 ArchOp systemd[1]: Started User Database Manager.
Nov 25 22:26:45 ArchOp systemd[1]: Finished Create Static Device Nodes in /dev gracefully.
Nov 25 22:26:45 ArchOp systemd[1]: Finished Coldplug All udev Devices.
Nov 25 22:26:45 ArchOp systemd[1]: systemd-remount-fs.service: Main process exited, code=exited, status=1/FAILURE
Nov 25 22:26:45 ArchOp systemd[1]: systemd-remount-fs.service: Failed with result 'exit-code'.
Nov 25 22:26:45 ArchOp systemd[1]: Failed to start Remount Root and Kernel File Systems.
Nov 25 22:26:45 ArchOp systemd[1]: Rebuild Hardware Database was skipped because of an unmet condition check (ConditionNeedsUpdate=/etc).
Nov 25 22:26:45 ArchOp systemd[1]: Starting Load/Save OS Random Seed...
Nov 25 22:26:45 ArchOp systemd[1]: Create System Users was skipped because no trigger condition checks were met.
Nov 25 22:26:45 ArchOp systemd[1]: Starting Create Static Device Nodes in /dev...
Nov 25 22:26:45 ArchOp systemd[1]: TPM SRK Setup was skipped because of an unmet condition check (ConditionSecurity=measured-uki).
Nov 25 22:26:45 ArchOp systemd[1]: Finished Load/Save OS Random Seed.
Nov 25 22:26:45 ArchOp systemd[1]: Finished Create Static Device Nodes in /dev.
Nov 25 22:26:45 ArchOp systemd[1]: Reached target Preparation for Local File Systems.
Nov 25 22:26:45 ArchOp systemd[1]: Set up automount home-oc-Android.automount.
Nov 25 22:26:45 ArchOp systemd[1]: Starting Rule-based Manager for Device Events and Files...
Nov 25 22:26:45 ArchOp systemd[1]: Started Rule-based Manager for Device Events and Files.
Nov 25 22:26:45 ArchOp kernel: usb 1-14: new full-speed USB device number 6 using xhci_hcd
Nov 25 22:26:45 ArchOp systemd[1]: Reached target Trusted Platform Module.
Nov 25 22:26:45 ArchOp systemd[1]: Found device XPG GAMMIX S5 Basic\x20data\x20partition.
Nov 25 22:26:45 ArchOp systemd[1]: Found device XPG GAMMIX S5 EFI\x20system\x20partition.
Nov 25 22:26:45 ArchOp systemd[1]: Found device XPG GAMMIX S5 3.
Nov 25 22:26:45 ArchOp kernel: intel_pmc_core INT33A1:00:  initialized
Nov 25 22:26:45 ArchOp systemd[1]: Found device WDC_WD10PURZ-85U8XY0 SAGAR.
Nov 25 22:26:45 ArchOp kernel: mei_me 0000:00:16.0: enabling device (0000 -> 0002)
Nov 25 22:26:45 ArchOp kernel: input: PC Speaker as /devices/platform/pcspkr/input/input3
Nov 25 22:26:45 ArchOp kernel: scsi 8:0:0:0: Direct-Access     Mass     Storage Device   1.00 PQ: 0 ANSI: 0 CCS
Nov 25 22:26:45 ArchOp kernel: sd 8:0:0:0: [sdb] 31116288 512-byte logical blocks: (15.9 GB/14.8 GiB)
Nov 25 22:26:45 ArchOp kernel: sd 8:0:0:0: [sdb] Write Protect is off
Nov 25 22:26:45 ArchOp kernel: sd 8:0:0:0: [sdb] Mode Sense: 03 00 00 00
Nov 25 22:26:45 ArchOp kernel: sd 8:0:0:0: [sdb] No Caching mode page found
Nov 25 22:26:45 ArchOp kernel: sd 8:0:0:0: [sdb] Assuming drive cache: write through
Nov 25 22:26:45 ArchOp kernel: perf uncore: Cannot find matched IMC device.
Nov 25 22:26:45 ArchOp kernel: perf uncore: Cannot find matched IMC device.
Nov 25 22:26:45 ArchOp kernel: perf uncore: Cannot find matched IMC device.
Nov 25 22:26:45 ArchOp kernel: perf uncore: Cannot find matched IMC device.
Nov 25 22:26:45 ArchOp kernel: intel-lpss 0000:00:15.0: enabling device (0004 -> 0006)
Nov 25 22:26:45 ArchOp kernel: idma64 idma64.0: Found Intel integrated DMA 64-bit
Nov 25 22:26:45 ArchOp kernel: nvidia: loading out-of-tree module taints kernel.
Nov 25 22:26:45 ArchOp kernel: nvidia: module license 'NVIDIA' taints kernel.
Nov 25 22:26:45 ArchOp kernel: Disabling lock debugging due to kernel taint
Nov 25 22:26:45 ArchOp kernel: nvidia: module verification failed: signature and/or required key missing - tainting kernel
Nov 25 22:26:45 ArchOp kernel: nvidia: module license taints kernel.
Nov 25 22:26:45 ArchOp kernel:  sdb: sdb1 sdb2
Nov 25 22:26:45 ArchOp kernel: sd 8:0:0:0: [sdb] Attached SCSI removable disk
Nov 25 22:26:45 ArchOp kernel: usb 1-14: New USB device found, idVendor=046d, idProduct=c092, bcdDevice=52.00
Nov 25 22:26:45 ArchOp kernel: usb 1-14: New USB device strings: Mfr=1, Product=2, SerialNumber=3
Nov 25 22:26:45 ArchOp kernel: usb 1-14: Product: G102 LIGHTSYNC Gaming Mouse
Nov 25 22:26:45 ArchOp kernel: usb 1-14: Manufacturer: Logitech
Nov 25 22:26:45 ArchOp kernel: usb 1-14: SerialNumber: 207136685943
Nov 25 22:26:45 ArchOp systemd[1]: Listening on Load/Save RF Kill Switch Status /dev/rfkill Watch.
Nov 25 22:26:45 ArchOp systemd[1]: Starting Virtual Console Setup...
Nov 25 22:26:45 ArchOp systemd-journald[329]: Journal started
Nov 25 22:26:45 ArchOp systemd-journald[329]: Runtime Journal (/run/log/journal/99264cb9b51e4873a29977f120195656) is 8M, max 790.2M, 782.2M free.
Nov 25 22:26:45 ArchOp systemd-modules-load[330]: Inserted module 'crypto_user'
Nov 25 22:26:45 ArchOp systemd-remount-fs[331]: /usr/bin/mount for / exited with exit status 1.
Nov 25 22:26:45 ArchOp systemd-udevd[351]: Using default interface naming scheme 'v255'.
Nov 25 22:26:45 ArchOp systemd-remount-fs[338]: mount: /: can't find UUID=90ec1229-8a0e-4222-a25f-5f818580f7580.
Nov 25 22:26:45 ArchOp systemd[1]: Starting Flush Journal to Persistent Storage...
Nov 25 22:26:45 ArchOp systemd[1]: Started Journal Service.
Nov 25 22:26:45 ArchOp systemd-journald[329]: Time spent on flushing to /var/log/journal/99264cb9b51e4873a29977f120195656 is 141.617ms for 966 entries.
Nov 25 22:26:45 ArchOp systemd-journald[329]: System Journal (/var/log/journal/99264cb9b51e4873a29977f120195656) is 714.7M, max 4G, 3.3G free.
Nov 25 22:26:45 ArchOp systemd-journald[329]: Received client request to flush runtime journal.
Nov 25 22:26:45 ArchOp kernel: nvidia-nvlink: Nvlink Core is being initialized, major device number 239
Nov 25 22:26:45 ArchOp kernel: 
Nov 25 22:26:45 ArchOp kernel: nvidia 0000:01:00.0: vgaarb: VGA decodes changed: olddecodes=io+mem,decodes=none:owns=none
Nov 25 22:26:45 ArchOp kernel: RAPL PMU: API unit is 2^-32 Joules, 2 fixed counters, 655360 ms ovfl timer
Nov 25 22:26:45 ArchOp kernel: RAPL PMU: hw unit of domain pp0-core 2^-14 Joules
Nov 25 22:26:45 ArchOp kernel: RAPL PMU: hw unit of domain package 2^-14 Joules
Nov 25 22:26:45 ArchOp kernel: i801_smbus 0000:00:1f.4: SPD Write Disable is set
Nov 25 22:26:45 ArchOp kernel: i801_smbus 0000:00:1f.4: SMBus using PCI interrupt
Nov 25 22:26:45 ArchOp kernel: Bluetooth: Core ver 2.22
Nov 25 22:26:45 ArchOp kernel: NET: Registered PF_BLUETOOTH protocol family
Nov 25 22:26:45 ArchOp kernel: Bluetooth: HCI device and connection manager initialized
Nov 25 22:26:45 ArchOp kernel: Bluetooth: HCI socket layer initialized
Nov 25 22:26:45 ArchOp kernel: Bluetooth: L2CAP socket layer initialized
Nov 25 22:26:45 ArchOp kernel: Bluetooth: SCO socket layer initialized
Nov 25 22:26:45 ArchOp kernel: Creating 1 MTD partitions on "0000:00:1f.5":
Nov 25 22:26:45 ArchOp kernel: 0x000000000000-0x000001000000 : "BIOS"
Nov 25 22:26:45 ArchOp kernel: i2c i2c-1: Successfully instantiated SPD at 0x50
Nov 25 22:26:45 ArchOp kernel: cryptd: max_cpu_qlen set to 1000
Nov 25 22:26:45 ArchOp kernel: iTCO_vendor_support: vendor-support=0
Nov 25 22:26:45 ArchOp kernel: i8042: PNP: No PS/2 controller found.
Nov 25 22:26:45 ArchOp kernel: r8169 0000:03:00.0: enabling device (0000 -> 0003)
Nov 25 22:26:45 ArchOp kernel: r8169 0000:03:00.0: can't disable ASPM; OS doesn't have ASPM control
Nov 25 22:26:45 ArchOp kernel: iTCO_wdt iTCO_wdt: Found a Intel PCH TCO device (Version=6, TCOBASE=0x0400)
Nov 25 22:26:45 ArchOp kernel: iTCO_wdt iTCO_wdt: initialized. heartbeat=30 sec (nowayout=0)
Nov 25 22:26:45 ArchOp kernel: ee1004 1-0050: 512 byte EE1004-compliant SPD EEPROM, read-only
Nov 25 22:26:45 ArchOp kernel: asus_wmi: ASUS WMI generic driver loaded
Nov 25 22:26:45 ArchOp kernel: AES CTR mode by8 optimization enabled
Nov 25 22:26:45 ArchOp kernel: asus_wmi: Initialization: 0x0
Nov 25 22:26:45 ArchOp kernel: asus_wmi: BIOS WMI version: 0.0
Nov 25 22:26:45 ArchOp kernel: asus_wmi: SFUN value: 0x0
Nov 25 22:26:45 ArchOp kernel: eeepc-wmi eeepc-wmi: Detected AsusMbSwInterface, not ASUSWMI, use DSTS
Nov 25 22:26:45 ArchOp kernel: input: Eee PC WMI hotkeys as /devices/platform/eeepc-wmi/input/input4
Nov 25 22:26:45 ArchOp kernel: usbcore: registered new interface driver btusb
Nov 25 22:26:45 ArchOp kernel: r8169 0000:03:00.0 eth0: RTL8168h/8111h, 50:eb:f6:2a:f1:f0, XID 541, IRQ 161
Nov 25 22:26:45 ArchOp kernel: r8169 0000:03:00.0 eth0: jumbo features [frames: 9194 bytes, tx checksumming: ko]
Nov 25 22:26:45 ArchOp kernel: Bluetooth: hci0: RTL: examining hci_ver=0a hci_rev=000b lmp_ver=0a lmp_subver=8761
Nov 25 22:26:45 ArchOp kernel: Bluetooth: hci0: RTL: rom_version status=0 version=1
Nov 25 22:26:45 ArchOp kernel: Bluetooth: hci0: RTL: loading rtl_bt/rtl8761bu_fw.bin
Nov 25 22:26:45 ArchOp kernel: snd_hda_intel 0000:00:1f.3: enabling device (0000 -> 0002)
Nov 25 22:26:45 ArchOp kernel: snd_hda_intel 0000:01:00.1: enabling device (0000 -> 0002)
Nov 25 22:26:45 ArchOp kernel: snd_hda_intel 0000:01:00.1: Disabling MSI
Nov 25 22:26:45 ArchOp kernel: snd_hda_intel 0000:01:00.1: Handle vga_switcheroo audio client
Nov 25 22:26:45 ArchOp kernel: Bluetooth: hci0: RTL: loading rtl_bt/rtl8761bu_config.bin
Nov 25 22:26:45 ArchOp kernel: r8169 0000:03:00.0 enp3s0: renamed from eth0
Nov 25 22:26:45 ArchOp kernel: Bluetooth: hci0: RTL: cfg_sz 6, total sz 30210
Nov 25 22:26:45 ArchOp kernel: input: SINO WEALTH Gaming KB  as /devices/pci0000:00/0000:00:14.0/usb1/1-2/1-2:1.0/0003:258A:002A.0001/input/input5
Nov 25 22:26:45 ArchOp kernel: input: HDA NVidia HDMI/DP,pcm=3 as /devices/pci0000:00/0000:00:01.0/0000:01:00.1/sound/card1/input6
Nov 25 22:26:45 ArchOp kernel: snd_hda_codec_realtek hdaudioC0D0: autoconfig for ALC897: line_outs=1 (0x14/0x0/0x0/0x0/0x0) type:line
Nov 25 22:26:45 ArchOp kernel: snd_hda_codec_realtek hdaudioC0D0:    speaker_outs=0 (0x0/0x0/0x0/0x0/0x0)
Nov 25 22:26:45 ArchOp kernel: snd_hda_codec_realtek hdaudioC0D0:    hp_outs=1 (0x1b/0x0/0x0/0x0/0x0)
Nov 25 22:26:45 ArchOp kernel: snd_hda_codec_realtek hdaudioC0D0:    mono: mono_out=0x0
Nov 25 22:26:45 ArchOp kernel: snd_hda_codec_realtek hdaudioC0D0:    dig-out=0x11/0x0
Nov 25 22:26:45 ArchOp kernel: snd_hda_codec_realtek hdaudioC0D0:    inputs:
Nov 25 22:26:45 ArchOp kernel: snd_hda_codec_realtek hdaudioC0D0:      Rear Mic=0x18
Nov 25 22:26:45 ArchOp kernel: snd_hda_codec_realtek hdaudioC0D0:      Front Mic=0x19
Nov 25 22:26:45 ArchOp kernel: snd_hda_codec_realtek hdaudioC0D0:      Line=0x1a
Nov 25 22:26:45 ArchOp kernel: input: HDA Intel PCH Rear Mic as /devices/pci0000:00/0000:00:1f.3/sound/card0/input10
Nov 25 22:26:45 ArchOp kernel: cfg80211: Loading compiled-in X.509 certificates for regulatory database
Nov 25 22:26:45 ArchOp kernel: Loaded X.509 cert 'sforshee: 00b28ddf47aef9cea7'
Nov 25 22:26:45 ArchOp kernel: Loaded X.509 cert 'wens: 61c038651aabdcf94bd0ac7ff06c7248db18c600'
Nov 25 22:26:45 ArchOp kernel: platform regulatory.0: Direct firmware load for regulatory.db failed with error -2
Nov 25 22:26:45 ArchOp kernel: cfg80211: failed to load regulatory.db
Nov 25 22:26:45 ArchOp kernel: NVRM: loading NVIDIA UNIX x86_64 Kernel Module  470.256.02  Thu May  2 14:37:44 UTC 2024
Nov 25 22:26:45 ArchOp systemd[1]: Finished Virtual Console Setup.
Nov 25 22:26:45 ArchOp mtp-probe[441]: checking bus 1, device 2: "/sys/devices/pci0000:00/0000:00:14.0/usb1/1-1"
Nov 25 22:26:45 ArchOp (udev-worker)[353]: event4: Failed to call EVIOCSKEYCODE with scan code 0x7c, and key code 190: Invalid argument
Nov 25 22:26:45 ArchOp mtp-probe[441]: bus: 1, device: 2 was not an MTP device
Nov 25 22:26:45 ArchOp systemd[1]: Starting Load/Save RF Kill Switch Status...
Nov 25 22:26:45 ArchOp mtp-probe[437]: checking bus 1, device 3: "/sys/devices/pci0000:00/0000:00:14.0/usb1/1-2"
Nov 25 22:26:45 ArchOp systemd[1]: Started Load/Save RF Kill Switch Status.
Nov 25 22:26:45 ArchOp mtp-probe[439]: checking bus 1, device 4: "/sys/devices/pci0000:00/0000:00:14.0/usb1/1-7"
Nov 25 22:26:45 ArchOp systemd[1]: Starting Load Kernel Module dm_mod...
Nov 25 22:26:45 ArchOp mtp-probe[437]: bus: 1, device: 3 was not an MTP device
Nov 25 22:26:45 ArchOp systemd[1]: Starting Load Kernel Module loop...
Nov 25 22:26:45 ArchOp mtp-probe[442]: checking bus 1, device 6: "/sys/devices/pci0000:00/0000:00:14.0/usb1/1-14"
Nov 25 22:26:45 ArchOp systemd[1]: File System Check on Root Device was skipped because of an unmet condition check (ConditionPathIsReadWrite=!/).
Nov 25 22:26:45 ArchOp mtp-probe[439]: bus: 1, device: 4 was not an MTP device
Nov 25 22:26:45 ArchOp systemd[1]: Clear Stale Hibernate Storage Info was skipped because of an unmet condition check (ConditionPathExists=/sys/firmware/efi/efivars/HibernateLocation-8cf2644b-4b0b-428f-9387-6d876050dc67).
Nov 25 22:26:45 ArchOp mtp-probe[442]: bus: 1, device: 6 was not an MTP device
Nov 25 22:26:45 ArchOp systemd[1]: TPM PCR Machine ID Measurement was skipped because of an unmet condition check (ConditionSecurity=measured-uki).
Nov 25 22:26:45 ArchOp systemd[1]: Starting Remount Root and Kernel File Systems...
Nov 25 22:26:45 ArchOp systemd[1]: Early TPM SRK Setup was skipped because of an unmet condition check (ConditionSecurity=measured-uki).
Nov 25 22:26:45 ArchOp systemd[1]: modprobe@dm_mod.service: Deactivated successfully.
Nov 25 22:26:45 ArchOp systemd[1]: Finished Load Kernel Module dm_mod.
Nov 25 22:26:45 ArchOp systemd[1]: modprobe@loop.service: Deactivated successfully.
Nov 25 22:26:45 ArchOp systemd[1]: Finished Load Kernel Module loop.
Nov 25 22:26:45 ArchOp systemd[1]: Repartition Root Disk was skipped because no trigger condition checks were met.
Nov 25 22:26:45 ArchOp (udev-worker)[368]: nvidia: Process '/usr/bin/bash -c 'if [ ! -c /dev/nvidiactl ]; then /usr/bin/mknod -Z -m 666 /dev/nvidiactl c $(grep nvidia-frontend /proc/devices | cut -d \  -f 1) 255; fi'' failed with exit code 1.
Nov 25 22:26:45 ArchOp systemd[1]: Finished Flush Journal to Persistent Storage.
Nov 25 22:26:45 ArchOp kernel: nvidia_uvm: module uses symbols nvUvmInterfaceDisableAccessCntr from proprietary module nvidia, inheriting taint.
Nov 25 22:26:45 ArchOp kernel: intel_tcc_cooling: Programmable TCC Offset detected
Nov 25 22:26:45 ArchOp kernel: nvidia-modeset: Loading NVIDIA Kernel Mode Setting Driver for UNIX platforms  470.256.02  Thu May  2 14:50:40 UTC 2024
Nov 25 22:26:45 ArchOp kernel: [drm] [nvidia-drm] [GPU ID 0x00000100] Loading driver
Nov 25 22:26:45 ArchOp kernel: [drm] Initialized nvidia-drm 0.0.0 for 0000:01:00.0 on minor 1
Nov 25 22:26:45 ArchOp (udev-worker)[356]: 0000:01:00.0: Process '/usr/bin/nvidia-modprobe -c0 -u' failed with exit code 1.
Nov 25 22:26:45 ArchOp systemd-modules-load[330]: Inserted module 'nvidia_uvm'
Nov 25 22:26:45 ArchOp systemd[1]: Finished Load Kernel Modules.
Nov 25 22:26:45 ArchOp systemd[1]: Starting Apply Kernel Variables...
Nov 25 22:26:45 ArchOp kernel: nvidia-uvm: Loaded the UVM driver, major device number 237.
Nov 25 22:26:45 ArchOp kernel: Bluetooth: hci0: RTL: fw version 0xdfc6d922
Nov 25 22:26:45 ArchOp kernel: intel_rapl_msr: PL4 support detected.
Nov 25 22:26:45 ArchOp kernel: intel_rapl_common: Found RAPL domain package
Nov 25 22:26:45 ArchOp kernel: intel_rapl_common: Found RAPL domain core
Nov 25 22:26:45 ArchOp systemd[1]: Finished Apply Kernel Variables.
Nov 25 22:26:45 ArchOp systemd[1]: Reached target Sound Card.
Nov 25 22:26:45 ArchOp kernel: hid-generic 0003:258A:002A.0001: input,hidraw0: USB HID v1.11 Keyboard [SINO WEALTH Gaming KB ] on usb-0000:00:14.0-2/input0
Nov 25 22:26:45 ArchOp kernel: input: HDA Intel PCH Front Mic as /devices/pci0000:00/0000:00:1f.3/sound/card0/input11
Nov 25 22:26:45 ArchOp kernel: input: HDA Intel PCH Line as /devices/pci0000:00/0000:00:1f.3/sound/card0/input12
Nov 25 22:26:45 ArchOp kernel: input: HDA Intel PCH Line Out as /devices/pci0000:00/0000:00:1f.3/sound/card0/input13
Nov 25 22:26:45 ArchOp kernel: input: HDA NVidia HDMI/DP,pcm=7 as /devices/pci0000:00/0000:00:01.0/0000:01:00.1/sound/card1/input7
Nov 25 22:26:45 ArchOp kernel: input: SINO WEALTH Gaming KB  System Control as /devices/pci0000:00/0000:00:14.0/usb1/1-2/1-2:1.1/0003:258A:002A.0002/input/input15
Nov 25 22:26:45 ArchOp kernel: input: HDA Intel PCH Front Headphone as /devices/pci0000:00/0000:00:1f.3/sound/card0/input14
Nov 25 22:26:45 ArchOp kernel: input: HDA NVidia HDMI/DP,pcm=8 as /devices/pci0000:00/0000:00:01.0/0000:01:00.1/sound/card1/input8
Nov 25 22:26:45 ArchOp systemd-remount-fs[448]: mount: /: can't find UUID=90ec1229-8a0e-4222-a25f-5f818580f7580.
Nov 25 22:26:45 ArchOp systemd-remount-fs[447]: /usr/bin/mount for / exited with exit status 1.
Nov 25 22:26:45 ArchOp systemd[1]: systemd-remount-fs.service: Main process exited, code=exited, status=1/FAILURE
Nov 25 22:26:45 ArchOp systemd[1]: systemd-remount-fs.service: Failed with result 'exit-code'.
Nov 25 22:26:45 ArchOp systemd[1]: Failed to start Remount Root and Kernel File Systems.
Nov 25 22:26:45 ArchOp systemd[1]: Rebuild Hardware Database was skipped because of an unmet condition check (ConditionNeedsUpdate=/etc).
Nov 25 22:26:45 ArchOp systemd[1]: Create System Users was skipped because no trigger condition checks were met.
Nov 25 22:26:45 ArchOp systemd[1]: TPM SRK Setup was skipped because of an unmet condition check (ConditionSecurity=measured-uki).
Nov 25 22:26:45 ArchOp kernel: input: SINO WEALTH Gaming KB  Consumer Control as /devices/pci0000:00/0000:00:14.0/usb1/1-2/1-2:1.1/0003:258A:002A.0002/input/input16
Nov 25 22:26:45 ArchOp kernel: input: HDA NVidia HDMI/DP,pcm=9 as /devices/pci0000:00/0000:00:01.0/0000:01:00.1/sound/card1/input9
Nov 25 22:26:45 ArchOp kernel: input: SINO WEALTH Gaming KB  Keyboard as /devices/pci0000:00/0000:00:14.0/usb1/1-2/1-2:1.1/0003:258A:002A.0002/input/input17
Nov 25 22:26:45 ArchOp kernel: hid-generic 0003:258A:002A.0002: input,hiddev96,hidraw1: USB HID v1.11 Keyboard [SINO WEALTH Gaming KB ] on usb-0000:00:14.0-2/input1
Nov 25 22:26:45 ArchOp kernel: input: Logitech G102 LIGHTSYNC Gaming Mouse as /devices/pci0000:00/0000:00:14.0/usb1/1-14/1-14:1.0/0003:046D:C092.0003/input/input18
Nov 25 22:26:45 ArchOp kernel: hid-generic 0003:046D:C092.0003: input,hidraw2: USB HID v1.11 Mouse [Logitech G102 LIGHTSYNC Gaming Mouse] on usb-0000:00:14.0-14/input0
Nov 25 22:26:45 ArchOp kernel: input: Logitech G102 LIGHTSYNC Gaming Mouse Keyboard as /devices/pci0000:00/0000:00:14.0/usb1/1-14/1-14:1.1/0003:046D:C092.0004/input/input19
Nov 25 22:26:45 ArchOp kernel: usb 1-7: reset high-speed USB device number 4 using xhci_hcd
Nov 25 22:26:46 ArchOp kernel: hid-generic 0003:046D:C092.0004: input,hiddev97,hidraw3: USB HID v1.11 Keyboard [Logitech G102 LIGHTSYNC Gaming Mouse] on usb-0000:00:14.0-14/input1
Nov 25 22:26:46 ArchOp kernel: mousedev: PS/2 mouse device common for all mice
Nov 25 22:26:46 ArchOp kernel: mt7601u 1-7:1.0: ASIC revision: 76010001 MAC revision: 76010500
Nov 25 22:26:46 ArchOp kernel: mt7601u 1-7:1.0: Firmware Version: 0.1.00 Build: 7640 Build time: 201302052146____
Nov 25 22:26:46 ArchOp kernel: FAT-fs (nvme0n1p3): Volume was not properly unmounted. Some data may be corrupt. Please run fsck.
Nov 25 22:26:46 ArchOp kernel: FAT-fs (nvme0n1p1): Volume was not properly unmounted. Some data may be corrupt. Please run fsck.
Nov 25 22:26:46 ArchOp kernel: mt7601u 1-7:1.0: EEPROM ver:0d fae:00
Nov 25 22:26:46 ArchOp kernel: usb 1-7: USB disconnect, device number 4
Nov 25 22:26:46 ArchOp kernel: mt7601u 1-7:1.0: Error: submit URB dir:128 ep:1 failed:-19
Nov 25 22:26:46 ArchOp kernel: usbcore: registered new interface driver mt7601u
Nov 25 22:26:46 ArchOp systemd[1]: Mounting /boot...
Nov 25 22:26:45 ArchOp mtp-probe[520]: checking bus 1, device 6: "/sys/devices/pci0000:00/0000:00:14.0/usb1/1-14"
Nov 25 22:26:46 ArchOp systemd[1]: Mounting /mnt/HDD...
Nov 25 22:26:45 ArchOp mtp-probe[520]: bus: 1, device: 6 was not an MTP device
Nov 25 22:26:46 ArchOp systemd[1]: Mounting /mnt/Winboot...
Nov 25 22:26:46 ArchOp ntfs-3g[538]: Version 2022.10.3 external FUSE 29
Nov 25 22:26:46 ArchOp systemd[1]: Mounting /mnt/Windows...
Nov 25 22:26:46 ArchOp ntfs-3g[538]: Mounted /dev/nvme0n1p2 (Read-Write, label "", NTFS 3.1)
Nov 25 22:26:46 ArchOp systemd[1]: Virtual Machine and Container Storage (Compatibility) was skipped because of an unmet condition check (ConditionPathExists=/var/lib/machines.raw).
Nov 25 22:26:46 ArchOp ntfs-3g[538]: Cmdline options: rw,relatime
Nov 25 22:26:46 ArchOp systemd[1]: Mounted /boot.
Nov 25 22:26:46 ArchOp ntfs-3g[538]: Mount options: allow_other,nonempty,relatime,rw,fsname=/dev/nvme0n1p2,blkdev,blksize=4096
Nov 25 22:26:46 ArchOp systemd[1]: Mounted /mnt/Winboot.
